Archive member included to satisfy reference by file (symbol)

c:/st/stm32cubeide_1.5.1/stm32cubeide/plugins/com.st.stm32cube.ide.mcu.externaltools.gnu-tools-for-stm32.9-2020-q2-update.win32_1.5.0.202011040924/tools/bin/../lib/gcc/arm-none-eabi/9.3.1/../../../../arm-none-eabi/lib/thumb/v7e-m+fp/hard\libc_nano.a(lib_a-exit.o)
                              c:/st/stm32cubeide_1.5.1/stm32cubeide/plugins/com.st.stm32cube.ide.mcu.externaltools.gnu-tools-for-stm32.9-2020-q2-update.win32_1.5.0.202011040924/tools/bin/../lib/gcc/arm-none-eabi/9.3.1/../../../../arm-none-eabi/lib/thumb/v7e-m+fp/hard/crt0.o (exit)
c:/st/stm32cubeide_1.5.1/stm32cubeide/plugins/com.st.stm32cube.ide.mcu.externaltools.gnu-tools-for-stm32.9-2020-q2-update.win32_1.5.0.202011040924/tools/bin/../lib/gcc/arm-none-eabi/9.3.1/../../../../arm-none-eabi/lib/thumb/v7e-m+fp/hard\libc_nano.a(lib_a-impure.o)
                              c:/st/stm32cubeide_1.5.1/stm32cubeide/plugins/com.st.stm32cube.ide.mcu.externaltools.gnu-tools-for-stm32.9-2020-q2-update.win32_1.5.0.202011040924/tools/bin/../lib/gcc/arm-none-eabi/9.3.1/../../../../arm-none-eabi/lib/thumb/v7e-m+fp/hard\libc_nano.a(lib_a-exit.o) (_global_impure_ptr)
c:/st/stm32cubeide_1.5.1/stm32cubeide/plugins/com.st.stm32cube.ide.mcu.externaltools.gnu-tools-for-stm32.9-2020-q2-update.win32_1.5.0.202011040924/tools/bin/../lib/gcc/arm-none-eabi/9.3.1/../../../../arm-none-eabi/lib/thumb/v7e-m+fp/hard\libc_nano.a(lib_a-init.o)
                              c:/st/stm32cubeide_1.5.1/stm32cubeide/plugins/com.st.stm32cube.ide.mcu.externaltools.gnu-tools-for-stm32.9-2020-q2-update.win32_1.5.0.202011040924/tools/bin/../lib/gcc/arm-none-eabi/9.3.1/../../../../arm-none-eabi/lib/thumb/v7e-m+fp/hard/crt0.o (__libc_init_array)
c:/st/stm32cubeide_1.5.1/stm32cubeide/plugins/com.st.stm32cube.ide.mcu.externaltools.gnu-tools-for-stm32.9-2020-q2-update.win32_1.5.0.202011040924/tools/bin/../lib/gcc/arm-none-eabi/9.3.1/../../../../arm-none-eabi/lib/thumb/v7e-m+fp/hard\libc_nano.a(lib_a-memcpy-stub.o)
                              Drivers/BSP/X-NUCLEO-53L0A1/X-NUCLEO-53L0A1.o (memcpy)
c:/st/stm32cubeide_1.5.1/stm32cubeide/plugins/com.st.stm32cube.ide.mcu.externaltools.gnu-tools-for-stm32.9-2020-q2-update.win32_1.5.0.202011040924/tools/bin/../lib/gcc/arm-none-eabi/9.3.1/../../../../arm-none-eabi/lib/thumb/v7e-m+fp/hard\libc_nano.a(lib_a-memset.o)
                              c:/st/stm32cubeide_1.5.1/stm32cubeide/plugins/com.st.stm32cube.ide.mcu.externaltools.gnu-tools-for-stm32.9-2020-q2-update.win32_1.5.0.202011040924/tools/bin/../lib/gcc/arm-none-eabi/9.3.1/../../../../arm-none-eabi/lib/thumb/v7e-m+fp/hard/crt0.o (memset)
c:/st/stm32cubeide_1.5.1/stm32cubeide/plugins/com.st.stm32cube.ide.mcu.externaltools.gnu-tools-for-stm32.9-2020-q2-update.win32_1.5.0.202011040924/tools/bin/../lib/gcc/arm-none-eabi/9.3.1/../../../../arm-none-eabi/lib/thumb/v7e-m+fp/hard\libc_nano.a(lib_a-sprintf.o)
                              Application/User/main.o (sprintf)
c:/st/stm32cubeide_1.5.1/stm32cubeide/plugins/com.st.stm32cube.ide.mcu.externaltools.gnu-tools-for-stm32.9-2020-q2-update.win32_1.5.0.202011040924/tools/bin/../lib/gcc/arm-none-eabi/9.3.1/../../../../arm-none-eabi/lib/thumb/v7e-m+fp/hard\libc_nano.a(lib_a-strcpy.o)
                              Drivers/BSP/vl53l0x/vl53l0x_api_core.o (strcpy)
c:/st/stm32cubeide_1.5.1/stm32cubeide/plugins/com.st.stm32cube.ide.mcu.externaltools.gnu-tools-for-stm32.9-2020-q2-update.win32_1.5.0.202011040924/tools/bin/../lib/gcc/arm-none-eabi/9.3.1/../../../../arm-none-eabi/lib/thumb/v7e-m+fp/hard\libc_nano.a(lib_a-vsnprintf.o)
                              Drivers/BSP/X-NUCLEO-53L0A1/uart_trace.o (vsnprintf)
c:/st/stm32cubeide_1.5.1/stm32cubeide/plugins/com.st.stm32cube.ide.mcu.externaltools.gnu-tools-for-stm32.9-2020-q2-update.win32_1.5.0.202011040924/tools/bin/../lib/gcc/arm-none-eabi/9.3.1/../../../../arm-none-eabi/lib/thumb/v7e-m+fp/hard\libc_nano.a(lib_a-nano-svfprintf.o)
                              c:/st/stm32cubeide_1.5.1/stm32cubeide/plugins/com.st.stm32cube.ide.mcu.externaltools.gnu-tools-for-stm32.9-2020-q2-update.win32_1.5.0.202011040924/tools/bin/../lib/gcc/arm-none-eabi/9.3.1/../../../../arm-none-eabi/lib/thumb/v7e-m+fp/hard\libc_nano.a(lib_a-sprintf.o) (_svfprintf_r)
c:/st/stm32cubeide_1.5.1/stm32cubeide/plugins/com.st.stm32cube.ide.mcu.externaltools.gnu-tools-for-stm32.9-2020-q2-update.win32_1.5.0.202011040924/tools/bin/../lib/gcc/arm-none-eabi/9.3.1/../../../../arm-none-eabi/lib/thumb/v7e-m+fp/hard\libc_nano.a(lib_a-nano-vfprintf_i.o)
                              c:/st/stm32cubeide_1.5.1/stm32cubeide/plugins/com.st.stm32cube.ide.mcu.externaltools.gnu-tools-for-stm32.9-2020-q2-update.win32_1.5.0.202011040924/tools/bin/../lib/gcc/arm-none-eabi/9.3.1/../../../../arm-none-eabi/lib/thumb/v7e-m+fp/hard\libc_nano.a(lib_a-nano-svfprintf.o) (_printf_i)
[...]
Memory Configuration

Name             Origin             Length             Attributes
FLASH            0x0000000008000000 0x0000000000080000 xr
RAM              0x0000000020000000 0x0000000000018000 xrw
*default*        0x0000000000000000 0xffffffffffffffff

Linker script and memory map

LOAD c:/st/stm32cubeide_1.5.1/stm32cubeide/plugins/com.st.stm32cube.ide.mcu.externaltools.gnu-tools-for-stm32.9-2020-q2-update.win32_1.5.0.202011040924/tools/bin/../lib/gcc/arm-none-eabi/9.3.1/thumb/v7e-m+fp/hard/crti.o
LOAD c:/st/stm32cubeide_1.5.1/stm32cubeide/plugins/com.st.stm32cube.ide.mcu.externaltools.gnu-tools-for-stm32.9-2020-q2-update.win32_1.5.0.202011040924/tools/bin/../lib/gcc/arm-none-eabi/9.3.1/thumb/v7e-m+fp/hard/crtbegin.o
LOAD c:/st/stm32cubeide_1.5.1/stm32cubeide/plugins/com.st.stm32cube.ide.mcu.externaltools.gnu-tools-for-stm32.9-2020-q2-update.win32_1.5.0.202011040924/tools/bin/../lib/gcc/arm-none-eabi/9.3.1/../../../../arm-none-eabi/lib/thumb/v7e-m+fp/hard/crt0.o
LOAD Application/SW4STM32/startup_stm32f401xe.o
LOAD Application/User/main.o
LOAD Application/User/stm32f4xx_hal_msp.o
LOAD Application/User/stm32f4xx_it.o
LOAD Drivers/BSP/X-NUCLEO-53L0A1/X-NUCLEO-53L0A1.o
LOAD Drivers/BSP/X-NUCLEO-53L0A1/uart_trace.o
LOAD Drivers/BSP/X-NUCLEO-53L0A1/vl53l0a1-x4msp.o
LOAD Drivers/BSP/X-NUCLEO-53L0A1/vl53l0x_platform.o
LOAD Drivers/BSP/vl53l0x/vl53l0x_api.o
LOAD Drivers/BSP/vl53l0x/vl53l0x_api_calibration.o
LOAD Drivers/BSP/vl53l0x/vl53l0x_api_core.o
LOAD Drivers/BSP/vl53l0x/vl53l0x_api_ranging.o
LOAD Drivers/BSP/vl53l0x/vl53l0x_api_strings.o
LOAD Drivers/BSP/vl53l0x/vl53l0x_platform_log.o
LOAD Drivers/CMSIS/system_stm32f4xx.o
LOAD Drivers/STM32F4xx_HAL_Driver/stm32f4xx_hal.o
LOAD Drivers/STM32F4xx_HAL_Driver/stm32f4xx_hal_cortex.o
LOAD Drivers/STM32F4xx_HAL_Driver/stm32f4xx_hal_dma.o
LOAD Drivers/STM32F4xx_HAL_Driver/stm32f4xx_hal_dma_ex.o
LOAD Drivers/STM32F4xx_HAL_Driver/stm32f4xx_hal_flash.o
LOAD Drivers/STM32F4xx_HAL_Driver/stm32f4xx_hal_flash_ex.o
LOAD Drivers/STM32F4xx_HAL_Driver/stm32f4xx_hal_flash_ramfunc.o
LOAD Drivers/STM32F4xx_HAL_Driver/stm32f4xx_hal_gpio.o
LOAD Drivers/STM32F4xx_HAL_Driver/stm32f4xx_hal_i2c.o
LOAD Drivers/STM32F4xx_HAL_Driver/stm32f4xx_hal_pwr.o
LOAD Drivers/STM32F4xx_HAL_Driver/stm32f4xx_hal_pwr_ex.o
LOAD Drivers/STM32F4xx_HAL_Driver/stm32f4xx_hal_rcc.o
LOAD Drivers/STM32F4xx_HAL_Driver/stm32f4xx_hal_rcc_ex.o
LOAD Drivers/STM32F4xx_HAL_Driver/stm32f4xx_hal_tim.o
LOAD Drivers/STM32F4xx_HAL_Driver/stm32f4xx_hal_tim_ex.o
LOAD Drivers/STM32F4xx_HAL_Driver/stm32f4xx_hal_uart.o
START GROUP
LOAD c:/st/stm32cubeide_1.5.1/stm32cubeide/plugins/com.st.stm32cube.ide.mcu.externaltools.gnu-tools-for-stm32.9-2020-q2-update.win32_1.5.0.202011040924/tools/bin/../lib/gcc/arm-none-eabi/9.3.1/../../../../arm-none-eabi/lib/thumb/v7e-m+fp/hard\libc_nano.a
LOAD c:/st/stm32cubeide_1.5.1/stm32cubeide/plugins/com.st.stm32cube.ide.mcu.externaltools.gnu-tools-for-stm32.9-2020-q2-update.win32_1.5.0.202011040924/tools/bin/../lib/gcc/arm-none-eabi/9.3.1/../../../../arm-none-eabi/lib/thumb/v7e-m+fp/hard\libm.a
END GROUP
START GROUP
LOAD c:/st/stm32cubeide_1.5.1/stm32cubeide/plugins/com.st.stm32cube.ide.mcu.externaltools.gnu-tools-for-stm32.9-2020-q2-update.win32_1.5.0.202011040924/tools/bin/../lib/gcc/arm-none-eabi/9.3.1/thumb/v7e-m+fp/hard\libgcc.a
LOAD c:/st/stm32cubeide_1.5.1/stm32cubeide/plugins/com.st.stm32cube.ide.mcu.externaltools.gnu-tools-for-stm32.9-2020-q2-update.win32_1.5.0.202011040924/tools/bin/../lib/gcc/arm-none-eabi/9.3.1/../../../../arm-none-eabi/lib/thumb/v7e-m+fp/hard\libc_nano.a
END GROUP
START GROUP
LOAD c:/st/stm32cubeide_1.5.1/stm32cubeide/plugins/com.st.stm32cube.ide.mcu.externaltools.gnu-tools-for-stm32.9-2020-q2-update.win32_1.5.0.202011040924/tools/bin/../lib/gcc/arm-none-eabi/9.3.1/thumb/v7e-m+fp/hard\libgcc.a
LOAD c:/st/stm32cubeide_1.5.1/stm32cubeide/plugins/com.st.stm32cube.ide.mcu.externaltools.gnu-tools-for-stm32.9-2020-q2-update.win32_1.5.0.202011040924/tools/bin/../lib/gcc/arm-none-eabi/9.3.1/../../../../arm-none-eabi/lib/thumb/v7e-m+fp/hard\libc_nano.a
LOAD c:/st/stm32cubeide_1.5.1/stm32cubeide/plugins/com.st.stm32cube.ide.mcu.externaltools.gnu-tools-for-stm32.9-2020-q2-update.win32_1.5.0.202011040924/tools/bin/../lib/gcc/arm-none-eabi/9.3.1/../../../../arm-none-eabi/lib/thumb/v7e-m+fp/hard\libnosys.a
END GROUP
START GROUP
LOAD c:/st/stm32cubeide_1.5.1/stm32cubeide/plugins/com.st.stm32cube.ide.mcu.externaltools.gnu-tools-for-stm32.9-2020-q2-update.win32_1.5.0.202011040924/tools/bin/../lib/gcc/arm-none-eabi/9.3.1/thumb/v7e-m+fp/hard\libgcc.a
LOAD c:/st/stm32cubeide_1.5.1/stm32cubeide/plugins/com.st.stm32cube.ide.mcu.externaltools.gnu-tools-for-stm32.9-2020-q2-update.win32_1.5.0.202011040924/tools/bin/../lib/gcc/arm-none-eabi/9.3.1/../../../../arm-none-eabi/lib/thumb/v7e-m+fp/hard\libc_nano.a
LOAD c:/st/stm32cubeide_1.5.1/stm32cubeide/plugins/com.st.stm32cube.ide.mcu.externaltools.gnu-tools-for-stm32.9-2020-q2-update.win32_1.5.0.202011040924/tools/bin/../lib/gcc/arm-none-eabi/9.3.1/../../../../arm-none-eabi/lib/thumb/v7e-m+fp/hard\libnosys.a
END GROUP
LOAD c:/st/stm32cubeide_1.5.1/stm32cubeide/plugins/com.st.stm32cube.ide.mcu.externaltools.gnu-tools-for-stm32.9-2020-q2-update.win32_1.5.0.202011040924/tools/bin/../lib/gcc/arm-none-eabi/9.3.1/thumb/v7e-m+fp/hard/crtend.o
LOAD c:/st/stm32cubeide_1.5.1/stm32cubeide/plugins/com.st.stm32cube.ide.mcu.externaltools.gnu-tools-for-stm32.9-2020-q2-update.win32_1.5.0.202011040924/tools/bin/../lib/gcc/arm-none-eabi/9.3.1/thumb/v7e-m+fp/hard/crtn.o
                0x0000000020018000                _estack = 0x20018000
                0x0000000000000200                _Min_Heap_Size = 0x200
                0x0000000000000400                _Min_Stack_Size = 0x400

.isr_vector     0x0000000008000000      0x194
                0x0000000008000000                . = ALIGN (0x4)
 *(.isr_vector)
 .isr_vector    0x0000000008000000      0x194 Application/SW4STM32/startup_stm32f401xe.o
                0x0000000008000000                g_pfnVectors
                0x0000000008000194                . = ALIGN (0x4)

.text           0x00000000080001a0     0xb6d0
                0x00000000080001a0                . = ALIGN (0x4)
 *(.text)
 .text          0x00000000080001a0       0x40 c:/st/stm32cubeide_1.5.1/stm32cubeide/plugins/com.st.stm32cube.ide.mcu.externaltools.gnu-tools-for-stm32.9-2020-q2-update.win32_1.5.0.202011040924/tools/bin/../lib/gcc/arm-none-eabi/9.3.1/thumb/v7e-m+fp/hard/crtbegin.o
 .text          0x00000000080001e0       0xa0 c:/st/stm32cubeide_1.5.1/stm32cubeide/plugins/com.st.stm32cube.ide.mcu.externaltools.gnu-tools-for-stm32.9-2020-q2-update.win32_1.5.0.202011040924/tools/bin/../lib/gcc/arm-none-eabi/9.3.1/../../../../arm-none-eabi/lib/thumb/v7e-m+fp/hard\libc_nano.a(lib_a-memchr.o)
                0x00000000080001e0                memchr
 *(.text*)
 .text.Reset_Handler
                0x0000000008000280       0x50 Application/SW4STM32/startup_stm32f401xe.o
                0x0000000008000280                Reset_Handler
 .text.Default_Handler
                0x00000000080002d0        0x2 Application/SW4STM32/startup_stm32f401xe.o
                0x00000000080002d0                RTC_Alarm_IRQHandler
                0x00000000080002d0                EXTI2_IRQHandler
                0x00000000080002d0                DebugMon_Handler
                0x00000000080002d0                SPI4_IRQHandler
                0x00000000080002d0                TIM1_CC_IRQHandler
                0x00000000080002d0                DMA2_Stream5_IRQHandler
                0x00000000080002d0                HardFault_Handler
                0x00000000080002d0                DMA1_Stream5_IRQHandler
                0x00000000080002d0                PVD_IRQHandler
                0x00000000080002d0                SDIO_IRQHandler
                0x00000000080002d0                TAMP_STAMP_IRQHandler
                0x00000000080002d0                PendSV_Handler
                0x00000000080002d0                NMI_Handler
                0x00000000080002d0                EXTI3_IRQHandler
                0x00000000080002d0                TIM1_UP_TIM10_IRQHandler
                0x00000000080002d0                I2C3_ER_IRQHandler
                0x00000000080002d0                EXTI0_IRQHandler
                0x00000000080002d0                I2C2_EV_IRQHandler
                0x00000000080002d0                DMA1_Stream2_IRQHandler
                0x00000000080002d0                FPU_IRQHandler
                0x00000000080002d0                UsageFault_Handler
                0x00000000080002d0                DMA2_Stream2_IRQHandler
                0x00000000080002d0                SPI1_IRQHandler
                0x00000000080002d0                TIM1_BRK_TIM9_IRQHandler
                0x00000000080002d0                DMA2_Stream3_IRQHandler
                0x00000000080002d0                USART6_IRQHandler
                0x00000000080002d0                DMA2_Stream0_IRQHandler
                0x00000000080002d0                TIM4_IRQHandler
                0x00000000080002d0                I2C1_EV_IRQHandler
                0x00000000080002d0                DMA1_Stream1_IRQHandler
                0x00000000080002d0                TIM3_IRQHandler
                0x00000000080002d0                RCC_IRQHandler
                0x00000000080002d0                Default_Handler
                0x00000000080002d0                ADC_IRQHandler
                0x00000000080002d0                DMA1_Stream7_IRQHandler
                0x00000000080002d0                TIM5_IRQHandler
                0x00000000080002d0                DMA2_Stream7_IRQHandler
                0x00000000080002d0                I2C3_EV_IRQHandler
                0x00000000080002d0                RTC_WKUP_IRQHandler
                0x00000000080002d0                SPI2_IRQHandler
                0x00000000080002d0                MemManage_Handler
                0x00000000080002d0                DMA1_Stream0_IRQHandler
                0x00000000080002d0                SVC_Handler
                0x00000000080002d0                WWDG_IRQHandler
                0x00000000080002d0                TIM2_IRQHandler
                0x00000000080002d0                OTG_FS_WKUP_IRQHandler
                0x00000000080002d0                TIM1_TRG_COM_TIM11_IRQHandler
                0x00000000080002d0                EXTI1_IRQHandler
                0x00000000080002d0                I2C2_ER_IRQHandler
                0x00000000080002d0                DMA2_Stream1_IRQHandler
                0x00000000080002d0                FLASH_IRQHandler
                0x00000000080002d0                DMA2_Stream4_IRQHandler
                0x00000000080002d0                BusFault_Handler
                0x00000000080002d0                USART1_IRQHandler
                0x00000000080002d0                OTG_FS_IRQHandler
                0x00000000080002d0                SPI3_IRQHandler
                0x00000000080002d0                DMA1_Stream4_IRQHandler
                0x00000000080002d0                I2C1_ER_IRQHandler
                0x00000000080002d0                DMA2_Stream6_IRQHandler
                0x00000000080002d0                DMA1_Stream3_IRQHandler
 *fill*         0x00000000080002d2        0x2 
 .text.MX_TIM5_Init
                0x00000000080002d4       0x6c Application/User/main.o
                0x00000000080002d4                MX_TIM5_Init
 .text.TimeStamp_Init
                0x0000000008000340        0xc Application/User/main.o
                0x0000000008000340                TimeStamp_Init
 .text.TimeStamp_Reset
                0x000000000800034c       0x1c Application/User/main.o
                0x000000000800034c                TimeStamp_Reset
 .text.TimeStamp_Get
                0x0000000008000368       0x18 Application/User/main.o
                0x0000000008000368                TimeStamp_Get
 .text.BSP_GetPushButton
                0x0000000008000380       0x24 Application/User/main.o
                0x0000000008000380                BSP_GetPushButton
 .text.PusbButton_WaitUnPress
                0x00000000080003a4       0x50 Application/User/main.o
                0x00000000080003a4                PusbButton_WaitUnPress
 .text.HandleError
                0x00000000080003f4       0x28 Application/User/main.o
                0x00000000080003f4                HandleError
 .text.DetectSensors
                0x000000000800041c      0x22c Application/User/main.o
                0x000000000800041c                DetectSensors
 .text.SetupSingleShot
                0x0000000008000648      0x2f0 Application/User/main.o
                0x0000000008000648                SetupSingleShot
 .text.RangeToLetter
                0x0000000008000938       0x5c Application/User/main.o
                0x0000000008000938                RangeToLetter
 .text.Sensor_SetNewRange
                0x0000000008000994       0x74 Application/User/main.o
                0x0000000008000994                Sensor_SetNewRange
 .text.RangeDemo
                0x0000000008000a08      0x288 Application/User/main.o
                0x0000000008000a08                RangeDemo
 .text.ResetAndDetectSensor
                0x0000000008000c90       0x3c Application/User/main.o
                0x0000000008000c90                ResetAndDetectSensor
 .text.main     0x0000000008000ccc       0xe8 Application/User/main.o
                0x0000000008000ccc                main
 .text.SystemClock_Config
                0x0000000008000db4       0xa4 Application/User/main.o
                0x0000000008000db4                SystemClock_Config
 .text.MX_GPIO_Init
                0x0000000008000e58       0xc4 Application/User/main.o
 .text.HAL_MspInit
                0x0000000008000f1c       0x1a Application/User/stm32f4xx_hal_msp.o
                0x0000000008000f1c                HAL_MspInit
 *fill*         0x0000000008000f36        0x2 
 .text.HAL_TIM_OC_MspInit
                0x0000000008000f38       0x6c Application/User/stm32f4xx_hal_msp.o
                0x0000000008000f38                HAL_TIM_OC_MspInit
 .text.SysTick_Handler
                0x0000000008000fa4       0x10 Application/User/stm32f4xx_it.o
                0x0000000008000fa4                SysTick_Handler
 .text._I2cFailRecover
                0x0000000008000fb4      0x144 Drivers/BSP/X-NUCLEO-53L0A1/X-NUCLEO-53L0A1.o
 .text.XNUCLEO53L0A1_I2C1Configure
                0x00000000080010f8       0xc4 Drivers/BSP/X-NUCLEO-53L0A1/X-NUCLEO-53L0A1.o
                0x00000000080010f8                XNUCLEO53L0A1_I2C1Configure
 .text.XNUCLEO53L0A1_Init
                0x00000000080011bc      0x110 Drivers/BSP/X-NUCLEO-53L0A1/X-NUCLEO-53L0A1.o
                0x00000000080011bc                XNUCLEO53L0A1_Init
 .text.XNUCLEO53L0A1_ResetId
                0x00000000080012cc      0x130 Drivers/BSP/X-NUCLEO-53L0A1/X-NUCLEO-53L0A1.o
                0x00000000080012cc                XNUCLEO53L0A1_ResetId
 .text._ExpandersSetAllIO
                0x00000000080013fc       0x40 Drivers/BSP/X-NUCLEO-53L0A1/X-NUCLEO-53L0A1.o
 .text._ExpanderRd
                0x000000000800143c       0x64 Drivers/BSP/X-NUCLEO-53L0A1/X-NUCLEO-53L0A1.o
 .text._ExpanderWR
                0x00000000080014a0       0x50 Drivers/BSP/X-NUCLEO-53L0A1/X-NUCLEO-53L0A1.o
 .text.XNUCLEO53L0A1_SetDisplayString
                0x00000000080014f0       0xd0 Drivers/BSP/X-NUCLEO-53L0A1/X-NUCLEO-53L0A1.o
                0x00000000080014f0                XNUCLEO53L0A1_SetDisplayString
 .text.HAL_UART_TxCpltCallback
                0x00000000080015c0       0x20 Drivers/BSP/X-NUCLEO-53L0A1/uart_trace.o
                0x00000000080015c0                HAL_UART_TxCpltCallback
 .text.uart_vprintf
                0x00000000080015e0       0x78 Drivers/BSP/X-NUCLEO-53L0A1/uart_trace.o
                0x00000000080015e0                uart_vprintf
 .text.uart_printf
                0x0000000008001658       0x3c Drivers/BSP/X-NUCLEO-53L0A1/uart_trace.o
                0x0000000008001658                uart_printf
 .text.VL53L0A1_EXTI_Callback
                0x0000000008001694       0x16 Drivers/BSP/X-NUCLEO-53L0A1/vl53l0a1-x4msp.o
                0x0000000008001694                VL53L0A1_EXTI_Callback
 *fill*         0x00000000080016aa        0x2 
 .text.DMA1_Stream6_IRQHandler
                0x00000000080016ac       0x14 Drivers/BSP/X-NUCLEO-53L0A1/vl53l0a1-x4msp.o
                0x00000000080016ac                DMA1_Stream6_IRQHandler
 .text.XNUCLEO53L0A1_DMA_Init
                0x00000000080016c0       0x40 Drivers/BSP/X-NUCLEO-53L0A1/vl53l0a1-x4msp.o
 .text.XNUCLEO53L0A1_USART2_UART_Init
                0x0000000008001700       0x4c Drivers/BSP/X-NUCLEO-53L0A1/vl53l0a1-x4msp.o
                0x0000000008001700                XNUCLEO53L0A1_USART2_UART_Init
 .text.HAL_UART_MspInit
                0x000000000800174c       0xcc Drivers/BSP/X-NUCLEO-53L0A1/vl53l0a1-x4msp.o
                0x000000000800174c                HAL_UART_MspInit
 .text.USART2_IRQHandler
                0x0000000008001818       0x14 Drivers/BSP/X-NUCLEO-53L0A1/vl53l0a1-x4msp.o
                0x0000000008001818                USART2_IRQHandler
 .text.HAL_GPIO_EXTI_Callback
                0x000000000800182c       0x50 Drivers/BSP/X-NUCLEO-53L0A1/vl53l0a1-x4msp.o
                0x000000000800182c                HAL_GPIO_EXTI_Callback
 .text.EXTI4_IRQHandler
                0x000000000800187c        0xe Drivers/BSP/X-NUCLEO-53L0A1/vl53l0a1-x4msp.o
                0x000000000800187c                EXTI4_IRQHandler
 .text.EXTI9_5_IRQHandler
                0x000000000800188a        0xe Drivers/BSP/X-NUCLEO-53L0A1/vl53l0a1-x4msp.o
                0x000000000800188a                EXTI9_5_IRQHandler
 .text.EXTI15_10_IRQHandler
                0x0000000008001898       0x10 Drivers/BSP/X-NUCLEO-53L0A1/vl53l0a1-x4msp.o
                0x0000000008001898                EXTI15_10_IRQHandler
 .text._I2CWrite
                0x00000000080018a8       0x3e Drivers/BSP/X-NUCLEO-53L0A1/vl53l0x_platform.o
                0x00000000080018a8                _I2CWrite
 .text._I2CRead
                0x00000000080018e6       0x44 Drivers/BSP/X-NUCLEO-53L0A1/vl53l0x_platform.o
                0x00000000080018e6                _I2CRead
 *fill*         0x000000000800192a        0x2 
 .text.VL53L0X_WriteMulti
                0x000000000800192c       0x60 Drivers/BSP/X-NUCLEO-53L0A1/vl53l0x_platform.o
                0x000000000800192c                VL53L0X_WriteMulti
 .text.VL53L0X_ReadMulti
                0x000000000800198c       0x56 Drivers/BSP/X-NUCLEO-53L0A1/vl53l0x_platform.o
                0x000000000800198c                VL53L0X_ReadMulti
 *fill*         0x00000000080019e2        0x2 
 .text.VL53L0X_WrByte
                0x00000000080019e4       0x48 Drivers/BSP/X-NUCLEO-53L0A1/vl53l0x_platform.o
                0x00000000080019e4                VL53L0X_WrByte
 .text.VL53L0X_WrWord
                0x0000000008001a2c       0x54 Drivers/BSP/X-NUCLEO-53L0A1/vl53l0x_platform.o
                0x0000000008001a2c                VL53L0X_WrWord
 .text.VL53L0X_UpdateByte
                0x0000000008001a80       0x68 Drivers/BSP/X-NUCLEO-53L0A1/vl53l0x_platform.o
                0x0000000008001a80                VL53L0X_UpdateByte
 .text.VL53L0X_RdByte
                0x0000000008001ae8       0x54 Drivers/BSP/X-NUCLEO-53L0A1/vl53l0x_platform.o
                0x0000000008001ae8                VL53L0X_RdByte
 .text.VL53L0X_RdWord
                0x0000000008001b3c       0x70 Drivers/BSP/X-NUCLEO-53L0A1/vl53l0x_platform.o
                0x0000000008001b3c                VL53L0X_RdWord
 .text.VL53L0X_RdDWord
                0x0000000008001bac       0x78 Drivers/BSP/X-NUCLEO-53L0A1/vl53l0x_platform.o
                0x0000000008001bac                VL53L0X_RdDWord
 .text.VL53L0X_PollingDelay
                0x0000000008001c24       0x1e Drivers/BSP/X-NUCLEO-53L0A1/vl53l0x_platform.o
                0x0000000008001c24                VL53L0X_PollingDelay
 *fill*         0x0000000008001c42        0x2 
 .text.VL53L0X_GetOffsetCalibrationDataMicroMeter
                0x0000000008001c44       0x7c Drivers/BSP/vl53l0x/vl53l0x_api.o
                0x0000000008001c44                VL53L0X_GetOffsetCalibrationDataMicroMeter
 .text.VL53L0X_SetDeviceAddress
                0x0000000008001cc0       0x88 Drivers/BSP/vl53l0x/vl53l0x_api.o
                0x0000000008001cc0                VL53L0X_SetDeviceAddress
 .text.VL53L0X_DataInit
                0x0000000008001d48      0x31c Drivers/BSP/vl53l0x/vl53l0x_api.o
                0x0000000008001d48                VL53L0X_DataInit
 .text.VL53L0X_StaticInit
                0x0000000008002064      0x358 Drivers/BSP/vl53l0x/vl53l0x_api.o
                0x0000000008002064                VL53L0X_StaticInit
 .text.VL53L0X_GetDeviceParameters
                0x00000000080023bc      0x178 Drivers/BSP/vl53l0x/vl53l0x_api.o
                0x00000000080023bc                VL53L0X_GetDeviceParameters
 .text.VL53L0X_SetDeviceMode
                0x0000000008002534       0xac Drivers/BSP/vl53l0x/vl53l0x_api.o
                0x0000000008002534                VL53L0X_SetDeviceMode
 .text.VL53L0X_GetDeviceMode
                0x00000000080025e0       0x78 Drivers/BSP/vl53l0x/vl53l0x_api.o
                0x00000000080025e0                VL53L0X_GetDeviceMode
 .text.VL53L0X_GetFractionEnable
                0x0000000008002658       0x94 Drivers/BSP/vl53l0x/vl53l0x_api.o
                0x0000000008002658                VL53L0X_GetFractionEnable
 .text.VL53L0X_SetMeasurementTimingBudgetMicroSeconds
                0x00000000080026ec       0x7c Drivers/BSP/vl53l0x/vl53l0x_api.o
                0x00000000080026ec                VL53L0X_SetMeasurementTimingBudgetMicroSeconds
 .text.VL53L0X_GetMeasurementTimingBudgetMicroSeconds
                0x0000000008002768       0x7c Drivers/BSP/vl53l0x/vl53l0x_api.o
                0x0000000008002768                VL53L0X_GetMeasurementTimingBudgetMicroSeconds
 .text.VL53L0X_SetVcselPulsePeriod
                0x00000000080027e4       0x88 Drivers/BSP/vl53l0x/vl53l0x_api.o
                0x00000000080027e4                VL53L0X_SetVcselPulsePeriod
 .text.VL53L0X_GetVcselPulsePeriod
                0x000000000800286c       0x84 Drivers/BSP/vl53l0x/vl53l0x_api.o
                0x000000000800286c                VL53L0X_GetVcselPulsePeriod
 .text.VL53L0X_SetSequenceStepEnable
                0x00000000080028f0      0x19c Drivers/BSP/vl53l0x/vl53l0x_api.o
                0x00000000080028f0                VL53L0X_SetSequenceStepEnable
 .text.sequence_step_enabled
                0x0000000008002a8c       0xf8 Drivers/BSP/vl53l0x/vl53l0x_api.o
                0x0000000008002a8c                sequence_step_enabled
 .text.VL53L0X_GetSequenceStepEnables
                0x0000000008002b84      0x108 Drivers/BSP/vl53l0x/vl53l0x_api.o
                0x0000000008002b84                VL53L0X_GetSequenceStepEnables
 .text.VL53L0X_GetInterMeasurementPeriodMilliSeconds
                0x0000000008002c8c       0xc0 Drivers/BSP/vl53l0x/vl53l0x_api.o
                0x0000000008002c8c                VL53L0X_GetInterMeasurementPeriodMilliSeconds
 .text.VL53L0X_GetXTalkCompensationEnable
                0x0000000008002d4c       0x7c Drivers/BSP/vl53l0x/vl53l0x_api.o
                0x0000000008002d4c                VL53L0X_GetXTalkCompensationEnable
 .text.VL53L0X_GetXTalkCompensationRateMegaCps
                0x0000000008002dc8       0xbc Drivers/BSP/vl53l0x/vl53l0x_api.o
                0x0000000008002dc8                VL53L0X_GetXTalkCompensationRateMegaCps
 .text.VL53L0X_SetLimitCheckEnable
                0x0000000008002e84      0x170 Drivers/BSP/vl53l0x/vl53l0x_api.o
                0x0000000008002e84                VL53L0X_SetLimitCheckEnable
 .text.VL53L0X_GetLimitCheckEnable
                0x0000000008002ff4       0x98 Drivers/BSP/vl53l0x/vl53l0x_api.o
                0x0000000008002ff4                VL53L0X_GetLimitCheckEnable
 .text.VL53L0X_SetLimitCheckValue
                0x000000000800308c      0x118 Drivers/BSP/vl53l0x/vl53l0x_api.o
                0x000000000800308c                VL53L0X_SetLimitCheckValue
 .text.VL53L0X_GetLimitCheckValue
                0x00000000080031a4      0x170 Drivers/BSP/vl53l0x/vl53l0x_api.o
                0x00000000080031a4                VL53L0X_GetLimitCheckValue
 .text.VL53L0X_GetWrapAroundCheckEnable
                0x0000000008003314       0xbc Drivers/BSP/vl53l0x/vl53l0x_api.o
                0x0000000008003314                VL53L0X_GetWrapAroundCheckEnable
 .text.VL53L0X_PerformSingleMeasurement
                0x00000000080033d0       0xc0 Drivers/BSP/vl53l0x/vl53l0x_api.o
                0x00000000080033d0                VL53L0X_PerformSingleMeasurement
 .text.VL53L0X_PerformRefCalibration
                0x0000000008003490       0x84 Drivers/BSP/vl53l0x/vl53l0x_api.o
                0x0000000008003490                VL53L0X_PerformRefCalibration
 .text.VL53L0X_CheckAndLoadInterruptSettings
                0x0000000008003514       0xcc Drivers/BSP/vl53l0x/vl53l0x_api.o
                0x0000000008003514                VL53L0X_CheckAndLoadInterruptSettings
 .text.VL53L0X_StartMeasurement
                0x00000000080035e0      0x1dc Drivers/BSP/vl53l0x/vl53l0x_api.o
                0x00000000080035e0                VL53L0X_StartMeasurement
 .text.VL53L0X_GetMeasurementDataReady
                0x00000000080037bc       0xd8 Drivers/BSP/vl53l0x/vl53l0x_api.o
                0x00000000080037bc                VL53L0X_GetMeasurementDataReady
 .text.VL53L0X_GetRangingMeasurementData
                0x0000000008003894      0x2a0 Drivers/BSP/vl53l0x/vl53l0x_api.o
                0x0000000008003894                VL53L0X_GetRangingMeasurementData
 .text.VL53L0X_PerformSingleRangingMeasurement
                0x0000000008003b34       0xb8 Drivers/BSP/vl53l0x/vl53l0x_api.o
                0x0000000008003b34                VL53L0X_PerformSingleRangingMeasurement
 .text.VL53L0X_SetGpioConfig
                0x0000000008003bec      0x2a4 Drivers/BSP/vl53l0x/vl53l0x_api.o
                0x0000000008003bec                VL53L0X_SetGpioConfig
 .text.VL53L0X_GetInterruptThresholds
                0x0000000008003e90       0xc4 Drivers/BSP/vl53l0x/vl53l0x_api.o
                0x0000000008003e90                VL53L0X_GetInterruptThresholds
 .text.VL53L0X_ClearInterruptMask
                0x0000000008003f54       0xd8 Drivers/BSP/vl53l0x/vl53l0x_api.o
                0x0000000008003f54                VL53L0X_ClearInterruptMask
 .text.VL53L0X_GetInterruptMaskStatus
                0x000000000800402c       0x9c Drivers/BSP/vl53l0x/vl53l0x_api.o
                0x000000000800402c                VL53L0X_GetInterruptMaskStatus
 .text.VL53L0X_PerformRefSpadManagement
                0x00000000080040c8       0x80 Drivers/BSP/vl53l0x/vl53l0x_api.o
                0x00000000080040c8                VL53L0X_PerformRefSpadManagement
 .text.VL53L0X_get_offset_calibration_data_micro_meter
                0x0000000008004148       0x7e Drivers/BSP/vl53l0x/vl53l0x_api_calibration.o
                0x0000000008004148                VL53L0X_get_offset_calibration_data_micro_meter
 .text.get_next_good_spad
                0x00000000080041c6       0xbc Drivers/BSP/vl53l0x/vl53l0x_api_calibration.o
                0x00000000080041c6                get_next_good_spad
 *fill*         0x0000000008004282        0x2 
 .text.is_aperture
                0x0000000008004284       0x34 Drivers/BSP/vl53l0x/vl53l0x_api_calibration.o
                0x0000000008004284                is_aperture
 .text.enable_spad_bit
                0x00000000080042b8       0x70 Drivers/BSP/vl53l0x/vl53l0x_api_calibration.o
                0x00000000080042b8                enable_spad_bit
 .text.set_ref_spad_map
                0x0000000008004328       0x26 Drivers/BSP/vl53l0x/vl53l0x_api_calibration.o
                0x0000000008004328                set_ref_spad_map
 .text.get_ref_spad_map
                0x000000000800434e       0x26 Drivers/BSP/vl53l0x/vl53l0x_api_calibration.o
                0x000000000800434e                get_ref_spad_map
 .text.enable_ref_spads
                0x0000000008004374       0xf8 Drivers/BSP/vl53l0x/vl53l0x_api_calibration.o
                0x0000000008004374                enable_ref_spads
 .text.perform_ref_signal_measurement
                0x000000000800446c       0xd4 Drivers/BSP/vl53l0x/vl53l0x_api_calibration.o
                0x000000000800446c                perform_ref_signal_measurement
 .text.VL53L0X_perform_ref_spad_management
                0x0000000008004540      0x418 Drivers/BSP/vl53l0x/vl53l0x_api_calibration.o
                0x0000000008004540                VL53L0X_perform_ref_spad_management
 .text.VL53L0X_set_reference_spads
                0x0000000008004958      0x14a Drivers/BSP/vl53l0x/vl53l0x_api_calibration.o
                0x0000000008004958                VL53L0X_set_reference_spads
 .text.VL53L0X_perform_single_ref_calibration
                0x0000000008004aa2       0x76 Drivers/BSP/vl53l0x/vl53l0x_api_calibration.o
                0x0000000008004aa2                VL53L0X_perform_single_ref_calibration
 .text.VL53L0X_ref_calibration_io
                0x0000000008004b18      0x132 Drivers/BSP/vl53l0x/vl53l0x_api_calibration.o
                0x0000000008004b18                VL53L0X_ref_calibration_io
 .text.VL53L0X_perform_vhv_calibration
                0x0000000008004c4a       0xce Drivers/BSP/vl53l0x/vl53l0x_api_calibration.o
                0x0000000008004c4a                VL53L0X_perform_vhv_calibration
 .text.VL53L0X_perform_phase_calibration
                0x0000000008004d18       0xca Drivers/BSP/vl53l0x/vl53l0x_api_calibration.o
                0x0000000008004d18                VL53L0X_perform_phase_calibration
 .text.VL53L0X_perform_ref_calibration
                0x0000000008004de2       0x7a Drivers/BSP/vl53l0x/vl53l0x_api_calibration.o
                0x0000000008004de2                VL53L0X_perform_ref_calibration
 .text.VL53L0X_measurement_poll_for_completion
                0x0000000008004e5c       0xb8 Drivers/BSP/vl53l0x/vl53l0x_api_core.o
                0x0000000008004e5c                VL53L0X_measurement_poll_for_completion
 .text.VL53L0X_decode_vcsel_period
                0x0000000008004f14       0x26 Drivers/BSP/vl53l0x/vl53l0x_api_core.o
                0x0000000008004f14                VL53L0X_decode_vcsel_period
 .text.VL53L0X_encode_vcsel_period
                0x0000000008004f3a       0x26 Drivers/BSP/vl53l0x/vl53l0x_api_core.o
                0x0000000008004f3a                VL53L0X_encode_vcsel_period
 .text.VL53L0X_isqrt
                0x0000000008004f60       0x68 Drivers/BSP/vl53l0x/vl53l0x_api_core.o
                0x0000000008004f60                VL53L0X_isqrt
 .text.VL53L0X_device_read_strobe
                0x0000000008004fc8       0xdc Drivers/BSP/vl53l0x/vl53l0x_api_core.o
                0x0000000008004fc8                VL53L0X_device_read_strobe
 .text.VL53L0X_get_info_from_device
                0x00000000080050a4      0x9fc Drivers/BSP/vl53l0x/vl53l0x_api_core.o
                0x00000000080050a4                VL53L0X_get_info_from_device
 .text.VL53L0X_calc_macro_period_ps
                0x0000000008005aa0       0x90 Drivers/BSP/vl53l0x/vl53l0x_api_core.o
                0x0000000008005aa0                VL53L0X_calc_macro_period_ps
 .text.VL53L0X_encode_timeout
                0x0000000008005b30       0x58 Drivers/BSP/vl53l0x/vl53l0x_api_core.o
                0x0000000008005b30                VL53L0X_encode_timeout
 .text.VL53L0X_decode_timeout
                0x0000000008005b88       0x2c Drivers/BSP/vl53l0x/vl53l0x_api_core.o
                0x0000000008005b88                VL53L0X_decode_timeout
 .text.VL53L0X_calc_timeout_mclks
                0x0000000008005bb4       0x54 Drivers/BSP/vl53l0x/vl53l0x_api_core.o
                0x0000000008005bb4                VL53L0X_calc_timeout_mclks
 .text.VL53L0X_calc_timeout_us
                0x0000000008005c08       0x54 Drivers/BSP/vl53l0x/vl53l0x_api_core.o
                0x0000000008005c08                VL53L0X_calc_timeout_us
 .text.get_sequence_step_timeout
                0x0000000008005c5c      0x1c2 Drivers/BSP/vl53l0x/vl53l0x_api_core.o
                0x0000000008005c5c                get_sequence_step_timeout
 .text.set_sequence_step_timeout
                0x0000000008005e1e      0x1e4 Drivers/BSP/vl53l0x/vl53l0x_api_core.o
                0x0000000008005e1e                set_sequence_step_timeout
 .text.VL53L0X_set_vcsel_pulse_period
                0x0000000008006002      0x512 Drivers/BSP/vl53l0x/vl53l0x_api_core.o
                0x0000000008006002                VL53L0X_set_vcsel_pulse_period
 .text.VL53L0X_get_vcsel_pulse_period
                0x0000000008006514       0x6e Drivers/BSP/vl53l0x/vl53l0x_api_core.o
                0x0000000008006514                VL53L0X_get_vcsel_pulse_period
 *fill*         0x0000000008006582        0x2 
 .text.VL53L0X_set_measurement_timing_budget_micro_seconds
                0x0000000008006584      0x264 Drivers/BSP/vl53l0x/vl53l0x_api_core.o
                0x0000000008006584                VL53L0X_set_measurement_timing_budget_micro_seconds
 .text.VL53L0X_get_measurement_timing_budget_micro_seconds
                0x00000000080067e8      0x1e0 Drivers/BSP/vl53l0x/vl53l0x_api_core.o
                0x00000000080067e8                VL53L0X_get_measurement_timing_budget_micro_seconds
 .text.VL53L0X_load_tuning_settings
                0x00000000080069c8      0x21c Drivers/BSP/vl53l0x/vl53l0x_api_core.o
                0x00000000080069c8                VL53L0X_load_tuning_settings
 .text.VL53L0X_get_total_xtalk_rate
                0x0000000008006be4       0x5e Drivers/BSP/vl53l0x/vl53l0x_api_core.o
                0x0000000008006be4                VL53L0X_get_total_xtalk_rate
 *fill*         0x0000000008006c42        0x2 
 .text.VL53L0X_get_total_signal_rate
                0x0000000008006c44       0x78 Drivers/BSP/vl53l0x/vl53l0x_api_core.o
                0x0000000008006c44                VL53L0X_get_total_signal_rate
 .text.VL53L0X_calc_dmax
                0x0000000008006cbc      0x294 Drivers/BSP/vl53l0x/vl53l0x_api_core.o
                0x0000000008006cbc                VL53L0X_calc_dmax
 .text.VL53L0X_calc_sigma_estimate
                0x0000000008006f50      0x51c Drivers/BSP/vl53l0x/vl53l0x_api_core.o
                0x0000000008006f50                VL53L0X_calc_sigma_estimate
 .text.VL53L0X_get_pal_range_status
                0x000000000800746c      0x418 Drivers/BSP/vl53l0x/vl53l0x_api_core.o
                0x000000000800746c                VL53L0X_get_pal_range_status
 .text.VL53L0X_trace_config
                0x0000000008007884       0x40 Drivers/BSP/vl53l0x/vl53l0x_platform_log.o
                0x0000000008007884                VL53L0X_trace_config
 .text.trace_print_module_function
                0x00000000080078c4       0x58 Drivers/BSP/vl53l0x/vl53l0x_platform_log.o
                0x00000000080078c4                trace_print_module_function
 .text.SystemInit
                0x000000000800791c       0x6c Drivers/CMSIS/system_stm32f4xx.o
                0x000000000800791c                SystemInit
 .text.HAL_Init
                0x0000000008007988       0x44 Drivers/STM32F4xx_HAL_Driver/stm32f4xx_hal.o
                0x0000000008007988                HAL_Init
 .text.HAL_InitTick
                0x00000000080079cc       0x38 Drivers/STM32F4xx_HAL_Driver/stm32f4xx_hal.o
                0x00000000080079cc                HAL_InitTick
 .text.HAL_IncTick
                0x0000000008007a04       0x1c Drivers/STM32F4xx_HAL_Driver/stm32f4xx_hal.o
                0x0000000008007a04                HAL_IncTick
 .text.HAL_GetTick
                0x0000000008007a20       0x18 Drivers/STM32F4xx_HAL_Driver/stm32f4xx_hal.o
                0x0000000008007a20                HAL_GetTick
 .text.HAL_Delay
                0x0000000008007a38       0x2e Drivers/STM32F4xx_HAL_Driver/stm32f4xx_hal.o
                0x0000000008007a38                HAL_Delay
 *fill*         0x0000000008007a66        0x2 
 .text.NVIC_SetPriorityGrouping
                0x0000000008007a68       0x48 Drivers/STM32F4xx_HAL_Driver/stm32f4xx_hal_cortex.o
 .text.NVIC_GetPriorityGrouping
                0x0000000008007ab0       0x1c Drivers/STM32F4xx_HAL_Driver/stm32f4xx_hal_cortex.o
 .text.NVIC_EnableIRQ
                0x0000000008007acc       0x34 Drivers/STM32F4xx_HAL_Driver/stm32f4xx_hal_cortex.o
 .text.NVIC_SetPriority
                0x0000000008007b00       0x54 Drivers/STM32F4xx_HAL_Driver/stm32f4xx_hal_cortex.o
 .text.NVIC_EncodePriority
                0x0000000008007b54       0x66 Drivers/STM32F4xx_HAL_Driver/stm32f4xx_hal_cortex.o
 *fill*         0x0000000008007bba        0x2 
 .text.SysTick_Config
                0x0000000008007bbc       0x44 Drivers/STM32F4xx_HAL_Driver/stm32f4xx_hal_cortex.o
 .text.HAL_NVIC_SetPriorityGrouping
                0x0000000008007c00       0x16 Drivers/STM32F4xx_HAL_Driver/stm32f4xx_hal_cortex.o
                0x0000000008007c00                HAL_NVIC_SetPriorityGrouping
 .text.HAL_NVIC_SetPriority
                0x0000000008007c16       0x38 Drivers/STM32F4xx_HAL_Driver/stm32f4xx_hal_cortex.o
                0x0000000008007c16                HAL_NVIC_SetPriority
 .text.HAL_NVIC_EnableIRQ
                0x0000000008007c4e       0x1c Drivers/STM32F4xx_HAL_Driver/stm32f4xx_hal_cortex.o
                0x0000000008007c4e                HAL_NVIC_EnableIRQ
 .text.HAL_SYSTICK_Config
                0x0000000008007c6a       0x18 Drivers/STM32F4xx_HAL_Driver/stm32f4xx_hal_cortex.o
                0x0000000008007c6a                HAL_SYSTICK_Config
 .text.HAL_SYSTICK_IRQHandler
                0x0000000008007c82        0xc Drivers/STM32F4xx_HAL_Driver/stm32f4xx_hal_cortex.o
                0x0000000008007c82                HAL_SYSTICK_IRQHandler
 .text.HAL_SYSTICK_Callback
                0x0000000008007c8e        0xe Drivers/STM32F4xx_HAL_Driver/stm32f4xx_hal_cortex.o
                0x0000000008007c8e                HAL_SYSTICK_Callback
 .text.HAL_DMA_Init
                0x0000000008007c9c      0x154 Drivers/STM32F4xx_HAL_Driver/stm32f4xx_hal_dma.o
                0x0000000008007c9c                HAL_DMA_Init
 .text.HAL_DMA_Start_IT
                0x0000000008007df0       0xc0 Drivers/STM32F4xx_HAL_Driver/stm32f4xx_hal_dma.o
                0x0000000008007df0                HAL_DMA_Start_IT
 .text.HAL_DMA_Abort_IT
                0x0000000008007eb0       0x44 Drivers/STM32F4xx_HAL_Driver/stm32f4xx_hal_dma.o
                0x0000000008007eb0                HAL_DMA_Abort_IT
 .text.HAL_DMA_IRQHandler
                0x0000000008007ef4      0x320 Drivers/STM32F4xx_HAL_Driver/stm32f4xx_hal_dma.o
                0x0000000008007ef4                HAL_DMA_IRQHandler
 .text.DMA_SetConfig
                0x0000000008008214       0x5c Drivers/STM32F4xx_HAL_Driver/stm32f4xx_hal_dma.o
 .text.DMA_CalcBaseAndBitshift
                0x0000000008008270       0x6c Drivers/STM32F4xx_HAL_Driver/stm32f4xx_hal_dma.o
 .text.DMA_CheckFifoParam
                0x00000000080082dc      0x114 Drivers/STM32F4xx_HAL_Driver/stm32f4xx_hal_dma.o
 .text.HAL_GPIO_Init
                0x00000000080083f0      0x308 Drivers/STM32F4xx_HAL_Driver/stm32f4xx_hal_gpio.o
                0x00000000080083f0                HAL_GPIO_Init
 .text.HAL_GPIO_ReadPin
                0x00000000080086f8       0x30 Drivers/STM32F4xx_HAL_Driver/stm32f4xx_hal_gpio.o
                0x00000000080086f8                HAL_GPIO_ReadPin
 .text.HAL_GPIO_WritePin
                0x0000000008008728       0x32 Drivers/STM32F4xx_HAL_Driver/stm32f4xx_hal_gpio.o
                0x0000000008008728                HAL_GPIO_WritePin
 *fill*         0x000000000800875a        0x2 
 .text.HAL_GPIO_EXTI_IRQHandler
                0x000000000800875c       0x30 Drivers/STM32F4xx_HAL_Driver/stm32f4xx_hal_gpio.o
                0x000000000800875c                HAL_GPIO_EXTI_IRQHandler
 .text.HAL_I2C_Init
                0x000000000800878c      0x1c4 Drivers/STM32F4xx_HAL_Driver/stm32f4xx_hal_i2c.o
                0x000000000800878c                HAL_I2C_Init
 .text.HAL_I2C_MspInit
                0x0000000008008950       0x14 Drivers/STM32F4xx_HAL_Driver/stm32f4xx_hal_i2c.o
                0x0000000008008950                HAL_I2C_MspInit
 .text.HAL_I2C_Master_Transmit
                0x0000000008008964      0x218 Drivers/STM32F4xx_HAL_Driver/stm32f4xx_hal_i2c.o
                0x0000000008008964                HAL_I2C_Master_Transmit
 .text.HAL_I2C_Master_Receive
                0x0000000008008b7c      0x464 Drivers/STM32F4xx_HAL_Driver/stm32f4xx_hal_i2c.o
                0x0000000008008b7c                HAL_I2C_Master_Receive
 .text.I2C_MasterRequestWrite
                0x0000000008008fe0      0x104 Drivers/STM32F4xx_HAL_Driver/stm32f4xx_hal_i2c.o
 .text.I2C_MasterRequestRead
                0x00000000080090e4      0x190 Drivers/STM32F4xx_HAL_Driver/stm32f4xx_hal_i2c.o
 .text.I2C_WaitOnFlagUntilTimeout
                0x0000000008009274       0xa2 Drivers/STM32F4xx_HAL_Driver/stm32f4xx_hal_i2c.o
 .text.I2C_WaitOnMasterAddressFlagUntilTimeout
                0x0000000008009316       0xdc Drivers/STM32F4xx_HAL_Driver/stm32f4xx_hal_i2c.o
 .text.I2C_WaitOnTXEFlagUntilTimeout
                0x00000000080093f2       0x7a Drivers/STM32F4xx_HAL_Driver/stm32f4xx_hal_i2c.o
 .text.I2C_WaitOnBTFFlagUntilTimeout
                0x000000000800946c       0x7a Drivers/STM32F4xx_HAL_Driver/stm32f4xx_hal_i2c.o
 .text.I2C_WaitOnRXNEFlagUntilTimeout
                0x00000000080094e6       0x94 Drivers/STM32F4xx_HAL_Driver/stm32f4xx_hal_i2c.o
 .text.I2C_IsAcknowledgeFailed
                0x000000000800957a       0x50 Drivers/STM32F4xx_HAL_Driver/stm32f4xx_hal_i2c.o
 *fill*         0x00000000080095ca        0x2 
 .text.HAL_RCC_OscConfig
                0x00000000080095cc      0x428 Drivers/STM32F4xx_HAL_Driver/stm32f4xx_hal_rcc.o
                0x00000000080095cc                HAL_RCC_OscConfig
 .text.HAL_RCC_ClockConfig
                0x00000000080099f4      0x224 Drivers/STM32F4xx_HAL_Driver/stm32f4xx_hal_rcc.o
                0x00000000080099f4                HAL_RCC_ClockConfig
 .text.HAL_RCC_GetSysClockFreq
                0x0000000008009c18      0x104 Drivers/STM32F4xx_HAL_Driver/stm32f4xx_hal_rcc.o
                0x0000000008009c18                HAL_RCC_GetSysClockFreq
 .text.HAL_RCC_GetHCLKFreq
                0x0000000008009d1c       0x18 Drivers/STM32F4xx_HAL_Driver/stm32f4xx_hal_rcc.o
                0x0000000008009d1c                HAL_RCC_GetHCLKFreq
 .text.HAL_RCC_GetPCLK1Freq
                0x0000000008009d34       0x44 Drivers/STM32F4xx_HAL_Driver/stm32f4xx_hal_rcc.o
                0x0000000008009d34                HAL_RCC_GetPCLK1Freq
 .text.HAL_RCC_GetPCLK2Freq
                0x0000000008009d78       0x44 Drivers/STM32F4xx_HAL_Driver/stm32f4xx_hal_rcc.o
                0x0000000008009d78                HAL_RCC_GetPCLK2Freq
 .text.HAL_TIM_Base_Start
                0x0000000008009dbc       0x36 Drivers/STM32F4xx_HAL_Driver/stm32f4xx_hal_tim.o
                0x0000000008009dbc                HAL_TIM_Base_Start
 .text.HAL_TIM_OC_Init
                0x0000000008009df2       0x56 Drivers/STM32F4xx_HAL_Driver/stm32f4xx_hal_tim.o
                0x0000000008009df2                HAL_TIM_OC_Init
 .text.HAL_TIM_OC_ConfigChannel
                0x0000000008009e48       0xc0 Drivers/STM32F4xx_HAL_Driver/stm32f4xx_hal_tim.o
                0x0000000008009e48                HAL_TIM_OC_ConfigChannel
 .text.TIM_Base_SetConfig
                0x0000000008009f08      0x108 Drivers/STM32F4xx_HAL_Driver/stm32f4xx_hal_tim.o
                0x0000000008009f08                TIM_Base_SetConfig
 .text.TIM_OC2_SetConfig
                0x000000000800a010       0xdc Drivers/STM32F4xx_HAL_Driver/stm32f4xx_hal_tim.o
                0x000000000800a010                TIM_OC2_SetConfig
 .text.TIM_OC1_SetConfig
                0x000000000800a0ec       0xd0 Drivers/STM32F4xx_HAL_Driver/stm32f4xx_hal_tim.o
 .text.TIM_OC3_SetConfig
                0x000000000800a1bc       0xd8 Drivers/STM32F4xx_HAL_Driver/stm32f4xx_hal_tim.o
 .text.TIM_OC4_SetConfig
                0x000000000800a294       0xac Drivers/STM32F4xx_HAL_Driver/stm32f4xx_hal_tim.o
 .text.HAL_TIMEx_MasterConfigSynchronization
                0x000000000800a340       0x8a Drivers/STM32F4xx_HAL_Driver/stm32f4xx_hal_tim_ex.o
                0x000000000800a340                HAL_TIMEx_MasterConfigSynchronization
 .text.HAL_UART_Init
                0x000000000800a3ca       0x9a Drivers/STM32F4xx_HAL_Driver/stm32f4xx_hal_uart.o
                0x000000000800a3ca                HAL_UART_Init
 .text.HAL_UART_Transmit_DMA
                0x000000000800a464       0xd8 Drivers/STM32F4xx_HAL_Driver/stm32f4xx_hal_uart.o
                0x000000000800a464                HAL_UART_Transmit_DMA
 .text.HAL_UART_IRQHandler
                0x000000000800a53c      0x1f4 Drivers/STM32F4xx_HAL_Driver/stm32f4xx_hal_uart.o
                0x000000000800a53c                HAL_UART_IRQHandler
 .text.HAL_UART_TxHalfCpltCallback
                0x000000000800a730       0x14 Drivers/STM32F4xx_HAL_Driver/stm32f4xx_hal_uart.o
                0x000000000800a730                HAL_UART_TxHalfCpltCallback
 .text.HAL_UART_RxCpltCallback
                0x000000000800a744       0x14 Drivers/STM32F4xx_HAL_Driver/stm32f4xx_hal_uart.o
                0x000000000800a744                HAL_UART_RxCpltCallback
 .text.HAL_UART_ErrorCallback
                0x000000000800a758       0x14 Drivers/STM32F4xx_HAL_Driver/stm32f4xx_hal_uart.o
                0x000000000800a758                HAL_UART_ErrorCallback
 .text.UART_DMATransmitCplt
                0x000000000800a76c       0x52 Drivers/STM32F4xx_HAL_Driver/stm32f4xx_hal_uart.o
 .text.UART_DMATxHalfCplt
                0x000000000800a7be       0x1c Drivers/STM32F4xx_HAL_Driver/stm32f4xx_hal_uart.o
 .text.UART_DMAError
                0x000000000800a7da       0x94 Drivers/STM32F4xx_HAL_Driver/stm32f4xx_hal_uart.o
 .text.UART_EndTxTransfer
                0x000000000800a86e       0x2c Drivers/STM32F4xx_HAL_Driver/stm32f4xx_hal_uart.o
 .text.UART_EndRxTransfer
                0x000000000800a89a       0x3c Drivers/STM32F4xx_HAL_Driver/stm32f4xx_hal_uart.o
 .text.UART_DMAAbortOnError
                0x000000000800a8d6       0x28 Drivers/STM32F4xx_HAL_Driver/stm32f4xx_hal_uart.o
 .text.UART_Transmit_IT
                0x000000000800a8fe       0xac Drivers/STM32F4xx_HAL_Driver/stm32f4xx_hal_uart.o
 .text.UART_EndTransmit_IT
                0x000000000800a9aa       0x30 Drivers/STM32F4xx_HAL_Driver/stm32f4xx_hal_uart.o
 .text.UART_Receive_IT
                0x000000000800a9da       0xf2 Drivers/STM32F4xx_HAL_Driver/stm32f4xx_hal_uart.o
 .text.UART_SetConfig
                0x000000000800aacc      0x438 Drivers/STM32F4xx_HAL_Driver/stm32f4xx_hal_uart.o
 .text.__libc_init_array
                0x000000000800af04       0x48 c:/st/stm32cubeide_1.5.1/stm32cubeide/plugins/com.st.stm32cube.ide.mcu.externaltools.gnu-tools-for-stm32.9-2020-q2-update.win32_1.5.0.202011040924/tools/bin/../lib/gcc/arm-none-eabi/9.3.1/../../../../arm-none-eabi/lib/thumb/v7e-m+fp/hard\libc_nano.a(lib_a-init.o)
                0x000000000800af04                __libc_init_array
 .text.memcpy   0x000000000800af4c       0x1c c:/st/stm32cubeide_1.5.1/stm32cubeide/plugins/com.st.stm32cube.ide.mcu.externaltools.gnu-tools-for-stm32.9-2020-q2-update.win32_1.5.0.202011040924/tools/bin/../lib/gcc/arm-none-eabi/9.3.1/../../../../arm-none-eabi/lib/thumb/v7e-m+fp/hard\libc_nano.a(lib_a-memcpy-stub.o)
                0x000000000800af4c                memcpy
 .text.memset   0x000000000800af68       0x10 c:/st/stm32cubeide_1.5.1/stm32cubeide/plugins/com.st.stm32cube.ide.mcu.externaltools.gnu-tools-for-stm32.9-2020-q2-update.win32_1.5.0.202011040924/tools/bin/../lib/gcc/arm-none-eabi/9.3.1/../../../../arm-none-eabi/lib/thumb/v7e-m+fp/hard\libc_nano.a(lib_a-memset.o)
                0x000000000800af68                memset
 .text.sprintf  0x000000000800af78       0x40 c:/st/stm32cubeide_1.5.1/stm32cubeide/plugins/com.st.stm32cube.ide.mcu.externaltools.gnu-tools-for-stm32.9-2020-q2-update.win32_1.5.0.202011040924/tools/bin/../lib/gcc/arm-none-eabi/9.3.1/../../../../arm-none-eabi/lib/thumb/v7e-m+fp/hard\libc_nano.a(lib_a-sprintf.o)
                0x000000000800af78                siprintf
                0x000000000800af78                sprintf
 .text.strcpy   0x000000000800afb8       0x10 c:/st/stm32cubeide_1.5.1/stm32cubeide/plugins/com.st.stm32cube.ide.mcu.externaltools.gnu-tools-for-stm32.9-2020-q2-update.win32_1.5.0.202011040924/tools/bin/../lib/gcc/arm-none-eabi/9.3.1/../../../../arm-none-eabi/lib/thumb/v7e-m+fp/hard\libc_nano.a(lib_a-strcpy.o)
                0x000000000800afb8                strcpy
 .text._vsnprintf_r
                0x000000000800afc8       0x58 c:/st/stm32cubeide_1.5.1/stm32cubeide/plugins/com.st.stm32cube.ide.mcu.externaltools.gnu-tools-for-stm32.9-2020-q2-update.win32_1.5.0.202011040924/tools/bin/../lib/gcc/arm-none-eabi/9.3.1/../../../../arm-none-eabi/lib/thumb/v7e-m+fp/hard\libc_nano.a(lib_a-vsnprintf.o)
                0x000000000800afc8                _vsniprintf_r
                0x000000000800afc8                _vsnprintf_r
 .text.vsnprintf
                0x000000000800b020       0x1c c:/st/stm32cubeide_1.5.1/stm32cubeide/plugins/com.st.stm32cube.ide.mcu.externaltools.gnu-tools-for-stm32.9-2020-q2-update.win32_1.5.0.202011040924/tools/bin/../lib/gcc/arm-none-eabi/9.3.1/../../../../arm-none-eabi/lib/thumb/v7e-m+fp/hard\libc_nano.a(lib_a-vsnprintf.o)
                0x000000000800b020                vsniprintf
                0x000000000800b020                vsnprintf
 .text.__ssputs_r
                0x000000000800b03c       0xb6 c:/st/stm32cubeide_1.5.1/stm32cubeide/plugins/com.st.stm32cube.ide.mcu.externaltools.gnu-tools-for-stm32.9-2020-q2-update.win32_1.5.0.202011040924/tools/bin/../lib/gcc/arm-none-eabi/9.3.1/../../../../arm-none-eabi/lib/thumb/v7e-m+fp/hard\libc_nano.a(lib_a-nano-svfprintf.o)
                0x000000000800b03c                __ssputs_r
 *fill*         0x000000000800b0f2        0x2 
 .text._svfprintf_r
                0x000000000800b0f4      0x200 c:/st/stm32cubeide_1.5.1/stm32cubeide/plugins/com.st.stm32cube.ide.mcu.externaltools.gnu-tools-for-stm32.9-2020-q2-update.win32_1.5.0.202011040924/tools/bin/../lib/gcc/arm-none-eabi/9.3.1/../../../../arm-none-eabi/lib/thumb/v7e-m+fp/hard\libc_nano.a(lib_a-nano-svfprintf.o)
                0x000000000800b0f4                _svfiprintf_r
                0x000000000800b0f4                _svfprintf_r
 .text._printf_common
                0x000000000800b2f4       0xda c:/st/stm32cubeide_1.5.1/stm32cubeide/plugins/com.st.stm32cube.ide.mcu.externaltools.gnu-tools-for-stm32.9-2020-q2-update.win32_1.5.0.202011040924/tools/bin/../lib/gcc/arm-none-eabi/9.3.1/../../../../arm-none-eabi/lib/thumb/v7e-m+fp/hard\libc_nano.a(lib_a-nano-vfprintf_i.o)
                0x000000000800b2f4                _printf_common
 *fill*         0x000000000800b3ce        0x2 
 .text._printf_i
                0x000000000800b3d0      0x24c c:/st/stm32cubeide_1.5.1/stm32cubeide/plugins/com.st.stm32cube.ide.mcu.externaltools.gnu-tools-for-stm32.9-2020-q2-update.win32_1.5.0.202011040924/tools/bin/../lib/gcc/arm-none-eabi/9.3.1/../../../../arm-none-eabi/lib/thumb/v7e-m+fp/hard\libc_nano.a(lib_a-nano-vfprintf_i.o)
                0x000000000800b3d0                _printf_i
 .text.memmove  0x000000000800b61c       0x34 c:/st/stm32cubeide_1.5.1/stm32cubeide/plugins/com.st.stm32cube.ide.mcu.externaltools.gnu-tools-for-stm32.9-2020-q2-update.win32_1.5.0.202011040924/tools/bin/../lib/gcc/arm-none-eabi/9.3.1/../../../../arm-none-eabi/lib/thumb/v7e-m+fp/hard\libc_nano.a(lib_a-memmove.o)
                0x000000000800b61c                memmove
 .text._free_r  0x000000000800b650       0xa0 c:/st/stm32cubeide_1.5.1/stm32cubeide/plugins/com.st.stm32cube.ide.mcu.externaltools.gnu-tools-for-stm32.9-2020-q2-update.win32_1.5.0.202011040924/tools/bin/../lib/gcc/arm-none-eabi/9.3.1/../../../../arm-none-eabi/lib/thumb/v7e-m+fp/hard\libc_nano.a(lib_a-nano-freer.o)
                0x000000000800b650                _free_r
 .text._malloc_r
                0x000000000800b6f0       0xb4 c:/st/stm32cubeide_1.5.1/stm32cubeide/plugins/com.st.stm32cube.ide.mcu.externaltools.gnu-tools-for-stm32.9-2020-q2-update.win32_1.5.0.202011040924/tools/bin/../lib/gcc/arm-none-eabi/9.3.1/../../../../arm-none-eabi/lib/thumb/v7e-m+fp/hard\libc_nano.a(lib_a-nano-mallocr.o)
                0x000000000800b6f0                _malloc_r
 .text._realloc_r
                0x000000000800b7a4       0x4c c:/st/stm32cubeide_1.5.1/stm32cubeide/plugins/com.st.stm32cube.ide.mcu.externaltools.gnu-tools-for-stm32.9-2020-q2-update.win32_1.5.0.202011040924/tools/bin/../lib/gcc/arm-none-eabi/9.3.1/../../../../arm-none-eabi/lib/thumb/v7e-m+fp/hard\libc_nano.a(lib_a-nano-reallocr.o)
                0x000000000800b7a4                _realloc_r
 .text._sbrk_r  0x000000000800b7f0       0x20 c:/st/stm32cubeide_1.5.1/stm32cubeide/plugins/com.st.stm32cube.ide.mcu.externaltools.gnu-tools-for-stm32.9-2020-q2-update.win32_1.5.0.202011040924/tools/bin/../lib/gcc/arm-none-eabi/9.3.1/../../../../arm-none-eabi/lib/thumb/v7e-m+fp/hard\libc_nano.a(lib_a-sbrkr.o)
                0x000000000800b7f0                _sbrk_r
 .text.__malloc_lock
                0x000000000800b810        0xc c:/st/stm32cubeide_1.5.1/stm32cubeide/plugins/com.st.stm32cube.ide.mcu.externaltools.gnu-tools-for-stm32.9-2020-q2-update.win32_1.5.0.202011040924/tools/bin/../lib/gcc/arm-none-eabi/9.3.1/../../../../arm-none-eabi/lib/thumb/v7e-m+fp/hard\libc_nano.a(lib_a-mlock.o)
                0x000000000800b810                __malloc_lock
 .text.__malloc_unlock
                0x000000000800b81c        0xc c:/st/stm32cubeide_1.5.1/stm32cubeide/plugins/com.st.stm32cube.ide.mcu.externaltools.gnu-tools-for-stm32.9-2020-q2-update.win32_1.5.0.202011040924/tools/bin/../lib/gcc/arm-none-eabi/9.3.1/../../../../arm-none-eabi/lib/thumb/v7e-m+fp/hard\libc_nano.a(lib_a-mlock.o)
                0x000000000800b81c                __malloc_unlock
 .text._malloc_usable_size_r
                0x000000000800b828       0x10 c:/st/stm32cubeide_1.5.1/stm32cubeide/plugins/com.st.stm32cube.ide.mcu.externaltools.gnu-tools-for-stm32.9-2020-q2-update.win32_1.5.0.202011040924/tools/bin/../lib/gcc/arm-none-eabi/9.3.1/../../../../arm-none-eabi/lib/thumb/v7e-m+fp/hard\libc_nano.a(lib_a-nano-msizer.o)
                0x000000000800b828                _malloc_usable_size_r
 .text.__retarget_lock_acquire_recursive
                0x000000000800b838        0x2 c:/st/stm32cubeide_1.5.1/stm32cubeide/plugins/com.st.stm32cube.ide.mcu.externaltools.gnu-tools-for-stm32.9-2020-q2-update.win32_1.5.0.202011040924/tools/bin/../lib/gcc/arm-none-eabi/9.3.1/../../../../arm-none-eabi/lib/thumb/v7e-m+fp/hard\libc_nano.a(lib_a-lock.o)
                0x000000000800b838                __retarget_lock_acquire_recursive
 .text.__retarget_lock_release_recursive
                0x000000000800b83a        0x2 c:/st/stm32cubeide_1.5.1/stm32cubeide/plugins/com.st.stm32cube.ide.mcu.externaltools.gnu-tools-for-stm32.9-2020-q2-update.win32_1.5.0.202011040924/tools/bin/../lib/gcc/arm-none-eabi/9.3.1/../../../../arm-none-eabi/lib/thumb/v7e-m+fp/hard\libc_nano.a(lib_a-lock.o)
                0x000000000800b83a                __retarget_lock_release_recursive
 .text._sbrk    0x000000000800b83c       0x1c c:/st/stm32cubeide_1.5.1/stm32cubeide/plugins/com.st.stm32cube.ide.mcu.externaltools.gnu-tools-for-stm32.9-2020-q2-update.win32_1.5.0.202011040924/tools/bin/../lib/gcc/arm-none-eabi/9.3.1/../../../../arm-none-eabi/lib/thumb/v7e-m+fp/hard\libnosys.a(sbrk.o)
                0x000000000800b83c                _sbrk
 *(.glue_7)
 .glue_7        0x000000000800b858        0x0 linker stubs
 *(.glue_7t)
 .glue_7t       0x000000000800b858        0x0 linker stubs
 *(.eh_frame)
 .eh_frame      0x000000000800b858        0x0 c:/st/stm32cubeide_1.5.1/stm32cubeide/plugins/com.st.stm32cube.ide.mcu.externaltools.gnu-tools-for-stm32.9-2020-q2-update.win32_1.5.0.202011040924/tools/bin/../lib/gcc/arm-none-eabi/9.3.1/thumb/v7e-m+fp/hard/crtbegin.o
 *(.init)
 .init          0x000000000800b858        0x4 c:/st/stm32cubeide_1.5.1/stm32cubeide/plugins/com.st.stm32cube.ide.mcu.externaltools.gnu-tools-for-stm32.9-2020-q2-update.win32_1.5.0.202011040924/tools/bin/../lib/gcc/arm-none-eabi/9.3.1/thumb/v7e-m+fp/hard/crti.o
                0x000000000800b858                _init
 .init          0x000000000800b85c        0x8 c:/st/stm32cubeide_1.5.1/stm32cubeide/plugins/com.st.stm32cube.ide.mcu.externaltools.gnu-tools-for-stm32.9-2020-q2-update.win32_1.5.0.202011040924/tools/bin/../lib/gcc/arm-none-eabi/9.3.1/thumb/v7e-m+fp/hard/crtn.o
 *(.fini)
 .fini          0x000000000800b864        0x4 c:/st/stm32cubeide_1.5.1/stm32cubeide/plugins/com.st.stm32cube.ide.mcu.externaltools.gnu-tools-for-stm32.9-2020-q2-update.win32_1.5.0.202011040924/tools/bin/../lib/gcc/arm-none-eabi/9.3.1/thumb/v7e-m+fp/hard/crti.o
                0x000000000800b864                _fini
 .fini          0x000000000800b868        0x8 c:/st/stm32cubeide_1.5.1/stm32cubeide/plugins/com.st.stm32cube.ide.mcu.externaltools.gnu-tools-for-stm32.9-2020-q2-update.win32_1.5.0.202011040924/tools/bin/../lib/gcc/arm-none-eabi/9.3.1/thumb/v7e-m+fp/hard/crtn.o
                0x000000000800b870                . = ALIGN (0x4)
                0x000000000800b870                _etext = .

.vfp11_veneer   0x000000000800b870        0x0
 .vfp11_veneer  0x000000000800b870        0x0 linker stubs

.v4_bx          0x000000000800b870        0x0
 .v4_bx         0x000000000800b870        0x0 linker stubs

.iplt           0x000000000800b870        0x0
 .iplt          0x000000000800b870        0x0 c:/st/stm32cubeide_1.5.1/stm32cubeide/plugins/com.st.stm32cube.ide.mcu.externaltools.gnu-tools-for-stm32.9-2020-q2-update.win32_1.5.0.202011040924/tools/bin/../lib/gcc/arm-none-eabi/9.3.1/thumb/v7e-m+fp/hard/crtbegin.o

.rodata         0x000000000800b870     0x1328
                0x000000000800b870                . = ALIGN (0x4)
 *(.rodata)
 .rodata        0x000000000800b870      0x251 Application/User/main.o
                0x000000000800b870                TxtRangeValue
                0x000000000800b874                TxtBarGraph
 *fill*         0x000000000800bac1        0x3 
 .rodata        0x000000000800bac4      0x297 Drivers/BSP/X-NUCLEO-53L0A1/X-NUCLEO-53L0A1.o
 *fill*         0x000000000800bd5b        0x1 
 .rodata        0x000000000800bd5c      0xc49 Drivers/BSP/vl53l0x/vl53l0x_api.o
 *fill*         0x000000000800c9a5        0x3 
 .rodata        0x000000000800c9a8      0x1a1 Drivers/BSP/vl53l0x/vl53l0x_api_core.o
 *fill*         0x000000000800cb49        0x3 
 .rodata        0x000000000800cb4c        0x8 Drivers/STM32F4xx_HAL_Driver/stm32f4xx_hal_dma.o
 .rodata        0x000000000800cb54       0x10 Drivers/STM32F4xx_HAL_Driver/stm32f4xx_hal_rcc.o
                0x000000000800cb54                APBAHBPrescTable
 *(.rodata*)
 .rodata._svfprintf_r.str1.1
                0x000000000800cb64       0x11 c:/st/stm32cubeide_1.5.1/stm32cubeide/plugins/com.st.stm32cube.ide.mcu.externaltools.gnu-tools-for-stm32.9-2020-q2-update.win32_1.5.0.202011040924/tools/bin/../lib/gcc/arm-none-eabi/9.3.1/../../../../arm-none-eabi/lib/thumb/v7e-m+fp/hard\libc_nano.a(lib_a-nano-svfprintf.o)
 .rodata._printf_i.str1.1
                0x000000000800cb75       0x22 c:/st/stm32cubeide_1.5.1/stm32cubeide/plugins/com.st.stm32cube.ide.mcu.externaltools.gnu-tools-for-stm32.9-2020-q2-update.win32_1.5.0.202011040924/tools/bin/../lib/gcc/arm-none-eabi/9.3.1/../../../../arm-none-eabi/lib/thumb/v7e-m+fp/hard\libc_nano.a(lib_a-nano-vfprintf_i.o)
                0x000000000800cb98                . = ALIGN (0x4)
 *fill*         0x000000000800cb97        0x1 

.rel.dyn        0x000000000800cb98        0x0
 .rel.iplt      0x000000000800cb98        0x0 c:/st/stm32cubeide_1.5.1/stm32cubeide/plugins/com.st.stm32cube.ide.mcu.externaltools.gnu-tools-for-stm32.9-2020-q2-update.win32_1.5.0.202011040924/tools/bin/../lib/gcc/arm-none-eabi/9.3.1/thumb/v7e-m+fp/hard/crtbegin.o

.ARM.extab
 *(.ARM.extab* .gnu.linkonce.armextab.*)

.ARM            0x000000000800cb98        0x0
                0x000000000800cb98                __exidx_start = .
 *(.ARM.exidx*)
                0x000000000800cb98                __exidx_end = .

.preinit_array  0x000000000800cb98        0x0
                0x000000000800cb98                PROVIDE (__preinit_array_start = .)
 *(.preinit_array*)
                0x000000000800cb98                PROVIDE (__preinit_array_end = .)

.init_array     0x000000000800cb98        0x4
                0x000000000800cb98                PROVIDE (__init_array_start = .)
 *(SORT_BY_NAME(.init_array.*))
 *(.init_array*)
 .init_array    0x000000000800cb98        0x4 c:/st/stm32cubeide_1.5.1/stm32cubeide/plugins/com.st.stm32cube.ide.mcu.externaltools.gnu-tools-for-stm32.9-2020-q2-update.win32_1.5.0.202011040924/tools/bin/../lib/gcc/arm-none-eabi/9.3.1/thumb/v7e-m+fp/hard/crtbegin.o
                0x000000000800cb9c                PROVIDE (__init_array_end = .)

.fini_array     0x000000000800cb9c        0x4
                [!provide]                        PROVIDE (__fini_array_start = .)
 *(SORT_BY_NAME(.fini_array.*))
 *(.fini_array*)
 .fini_array    0x000000000800cb9c        0x4 c:/st/stm32cubeide_1.5.1/stm32cubeide/plugins/com.st.stm32cube.ide.mcu.externaltools.gnu-tools-for-stm32.9-2020-q2-update.win32_1.5.0.202011040924/tools/bin/../lib/gcc/arm-none-eabi/9.3.1/thumb/v7e-m+fp/hard/crtbegin.o
                [!provide]                        PROVIDE (__fini_array_end = .)
                0x000000000800cba0                _sidata = LOADADDR (.data)

.data           0x0000000020000000      0x834 load address 0x000000000800cba0
                0x0000000020000000                . = ALIGN (0x4)
                0x0000000020000000                _sdata = .
 *(.data)
 .data          0x0000000020000000      0x4f9 Application/User/main.o
                0x0000000020000000                RangingConfigTxt
                0x000000002000000c                DemoModeTxt
                0x0000000020000014                LeakyFactorFix8
                0x0000000020000018                VL53L0XDevs
                0x00000000200004c8                RangeLow
                0x00000000200004cc                RangeMedium
                0x00000000200004d0                WelcomeMsg
 *fill*         0x00000000200004f9        0x3 
 .data          0x00000000200004fc       0x10 Drivers/BSP/X-NUCLEO-53L0A1/X-NUCLEO-53L0A1.o
 .data          0x000000002000050c      0x2aa Drivers/BSP/vl53l0x/vl53l0x_api.o
                0x000000002000050c                DefaultTuningSettings
                0x0000000020000600                InterruptThresholdSettings
 *fill*         0x00000000200007b6        0x2 
 .data          0x00000000200007b8       0x10 Drivers/BSP/vl53l0x/vl53l0x_api_calibration.o
                0x00000000200007b8                refArrayQuadrants
 .data          0x00000000200007c8        0x4 Drivers/BSP/vl53l0x/vl53l0x_platform_log.o
                0x00000000200007c8                _trace_level
 .data          0x00000000200007cc        0x4 Drivers/CMSIS/system_stm32f4xx.o
                0x00000000200007cc                SystemCoreClock
 *(.data*)
 .data._impure_ptr
                0x00000000200007d0        0x4 c:/st/stm32cubeide_1.5.1/stm32cubeide/plugins/com.st.stm32cube.ide.mcu.externaltools.gnu-tools-for-stm32.9-2020-q2-update.win32_1.5.0.202011040924/tools/bin/../lib/gcc/arm-none-eabi/9.3.1/../../../../arm-none-eabi/lib/thumb/v7e-m+fp/hard\libc_nano.a(lib_a-impure.o)
                0x00000000200007d0                _impure_ptr
 .data.impure_data
                0x00000000200007d4       0x60 c:/st/stm32cubeide_1.5.1/stm32cubeide/plugins/com.st.stm32cube.ide.mcu.externaltools.gnu-tools-for-stm32.9-2020-q2-update.win32_1.5.0.202011040924/tools/bin/../lib/gcc/arm-none-eabi/9.3.1/../../../../arm-none-eabi/lib/thumb/v7e-m+fp/hard\libc_nano.a(lib_a-impure.o)
                0x0000000020000834                . = ALIGN (0x4)
                0x0000000020000834                _edata = .

.igot.plt       0x0000000020000834        0x0 load address 0x000000000800d3d4
 .igot.plt      0x0000000020000834        0x0 c:/st/stm32cubeide_1.5.1/stm32cubeide/plugins/com.st.stm32cube.ide.mcu.externaltools.gnu-tools-for-stm32.9-2020-q2-update.win32_1.5.0.202011040924/tools/bin/../lib/gcc/arm-none-eabi/9.3.1/thumb/v7e-m+fp/hard/crtbegin.o
                0x0000000020000834                . = ALIGN (0x4)

.bss            0x0000000020000834      0x2e4 load address 0x000000000800d3d4
                0x0000000020000834                _sbss = .
                0x0000000020000834                __bss_start__ = _sbss
 *(.bss)
 .bss           0x0000000020000834       0x1c c:/st/stm32cubeide_1.5.1/stm32cubeide/plugins/com.st.stm32cube.ide.mcu.externaltools.gnu-tools-for-stm32.9-2020-q2-update.win32_1.5.0.202011040924/tools/bin/../lib/gcc/arm-none-eabi/9.3.1/thumb/v7e-m+fp/hard/crtbegin.o
 .bss           0x0000000020000850        0x4 Application/User/main.o
                0x0000000020000850                nDevPresent
 .bss           0x0000000020000854        0x4 Drivers/BSP/X-NUCLEO-53L0A1/X-NUCLEO-53L0A1.o
 .bss           0x0000000020000858      0x108 Drivers/BSP/X-NUCLEO-53L0A1/uart_trace.o
 .bss           0x0000000020000960        0x8 Drivers/BSP/vl53l0x/vl53l0x_platform_log.o
                0x0000000020000960                _trace_modules
                0x0000000020000964                _trace_functions
 *(.bss*)
 .bss.__malloc_free_list
                0x0000000020000968        0x4 c:/st/stm32cubeide_1.5.1/stm32cubeide/plugins/com.st.stm32cube.ide.mcu.externaltools.gnu-tools-for-stm32.9-2020-q2-update.win32_1.5.0.202011040924/tools/bin/../lib/gcc/arm-none-eabi/9.3.1/../../../../arm-none-eabi/lib/thumb/v7e-m+fp/hard\libc_nano.a(lib_a-nano-mallocr.o)
                0x0000000020000968                __malloc_free_list
 .bss.__malloc_sbrk_start
                0x000000002000096c        0x4 c:/st/stm32cubeide_1.5.1/stm32cubeide/plugins/com.st.stm32cube.ide.mcu.externaltools.gnu-tools-for-stm32.9-2020-q2-update.win32_1.5.0.202011040924/tools/bin/../lib/gcc/arm-none-eabi/9.3.1/../../../../arm-none-eabi/lib/thumb/v7e-m+fp/hard\libc_nano.a(lib_a-nano-mallocr.o)
                0x000000002000096c                __malloc_sbrk_start
 .bss.heap_end.5507
                0x0000000020000970        0x4 c:/st/stm32cubeide_1.5.1/stm32cubeide/plugins/com.st.stm32cube.ide.mcu.externaltools.gnu-tools-for-stm32.9-2020-q2-update.win32_1.5.0.202011040924/tools/bin/../lib/gcc/arm-none-eabi/9.3.1/../../../../arm-none-eabi/lib/thumb/v7e-m+fp/hard\libnosys.a(sbrk.o)
 *(COMMON)
 COMMON         0x0000000020000974       0x5c Application/User/main.o
                0x0000000020000974                nDevMask
                0x0000000020000978                htim5
                0x00000000200009b4                RangingMeasurementData
 COMMON         0x00000000200009d0       0x54 Drivers/BSP/X-NUCLEO-53L0A1/X-NUCLEO-53L0A1.o
                0x00000000200009d0                XNUCLEO53L0A1_hi2c
 COMMON         0x0000000020000a24       0xa0 Drivers/BSP/X-NUCLEO-53L0A1/vl53l0a1-x4msp.o
                0x0000000020000a24                hdma_usart2_tx
                0x0000000020000a84                huart2
 COMMON         0x0000000020000ac4       0x40 Drivers/BSP/X-NUCLEO-53L0A1/vl53l0x_platform.o
                0x0000000020000ac4                _I2CBuffer
 COMMON         0x0000000020000b04        0x4 Drivers/STM32F4xx_HAL_Driver/stm32f4xx_hal.o
                0x0000000020000b04                uwTick
 COMMON         0x0000000020000b08        0x4 c:/st/stm32cubeide_1.5.1/stm32cubeide/plugins/com.st.stm32cube.ide.mcu.externaltools.gnu-tools-for-stm32.9-2020-q2-update.win32_1.5.0.202011040924/tools/bin/../lib/gcc/arm-none-eabi/9.3.1/../../../../arm-none-eabi/lib/thumb/v7e-m+fp/hard\libc_nano.a(lib_a-reent.o)
                0x0000000020000b08                errno
 COMMON         0x0000000020000b0c        0x9 c:/st/stm32cubeide_1.5.1/stm32cubeide/plugins/com.st.stm32cube.ide.mcu.externaltools.gnu-tools-for-stm32.9-2020-q2-update.win32_1.5.0.202011040924/tools/bin/../lib/gcc/arm-none-eabi/9.3.1/../../../../arm-none-eabi/lib/thumb/v7e-m+fp/hard\libc_nano.a(lib_a-lock.o)
                0x0000000020000b0c                __lock___atexit_recursive_mutex
                0x0000000020000b0d                __lock___arc4random_mutex
                0x0000000020000b0e                __lock___env_recursive_mutex
                0x0000000020000b0f                __lock___sinit_recursive_mutex
                0x0000000020000b10                __lock___malloc_recursive_mutex
                0x0000000020000b11                __lock___at_quick_exit_mutex
                0x0000000020000b12                __lock___dd_hash_mutex
                0x0000000020000b13                __lock___tz_mutex
                0x0000000020000b14                __lock___sfp_recursive_mutex
                0x0000000020000b18                . = ALIGN (0x4)
 *fill*         0x0000000020000b15        0x3 
                0x0000000020000b18                _ebss = .
                0x0000000020000b18                __bss_end__ = _ebss

._user_heap_stack
                0x0000000020000b18      0x600 load address 0x000000000800d3d4
                0x0000000020000b18                . = ALIGN (0x8)
                0x0000000020000b18                PROVIDE (end = .)
                [!provide]                        PROVIDE (_end = .)
                0x0000000020000d18                . = (. + _Min_Heap_Size)
 *fill*         0x0000000020000b18      0x200 
                0x0000000020001118                . = (. + _Min_Stack_Size)
 *fill*         0x0000000020000d18      0x400 
                0x0000000020001118                . = ALIGN (0x8)

/DISCARD/
 libc.a(*)
 libm.a(*)
 libgcc.a(*)

.ARM.attributes
                0x0000000000000000       0x30
 *(.ARM.attributes)
 .ARM.attributes
                0x0000000000000000       0x1e c:/st/stm32cubeide_1.5.1/stm32cubeide/plugins/com.st.stm32cube.ide.mcu.externaltools.gnu-tools-for-stm32.9-2020-q2-update.win32_1.5.0.202011040924/tools/bin/../lib/gcc/arm-none-eabi/9.3.1/thumb/v7e-m+fp/hard/crti.o
 .ARM.attributes
                0x000000000000001e       0x34 c:/st/stm32cubeide_1.5.1/stm32cubeide/plugins/com.st.stm32cube.ide.mcu.externaltools.gnu-tools-for-stm32.9-2020-q2-update.win32_1.5.0.202011040924/tools/bin/../lib/gcc/arm-none-eabi/9.3.1/thumb/v7e-m+fp/hard/crtbegin.o
 .ARM.attributes
                0x0000000000000052       0x21 Application/SW4STM32/startup_stm32f401xe.o
 .ARM.attributes
                0x0000000000000073       0x34 Application/User/main.o
 .ARM.attributes
                0x00000000000000a7       0x34 Application/User/stm32f4xx_hal_msp.o
 .ARM.attributes
                0x00000000000000db       0x34 Application/User/stm32f4xx_it.o
 .ARM.attributes
                0x000000000000010f       0x34 Drivers/BSP/X-NUCLEO-53L0A1/X-NUCLEO-53L0A1.o
 .ARM.attributes
                0x0000000000000143       0x34 Drivers/BSP/X-NUCLEO-53L0A1/uart_trace.o
 .ARM.attributes
                0x0000000000000177       0x34 Drivers/BSP/X-NUCLEO-53L0A1/vl53l0a1-x4msp.o
 .ARM.attributes
                0x00000000000001ab       0x34 Drivers/BSP/X-NUCLEO-53L0A1/vl53l0x_platform.o
 .ARM.attributes
                0x00000000000001df       0x34 Drivers/BSP/vl53l0x/vl53l0x_api.o
 .ARM.attributes
                0x0000000000000213       0x34 Drivers/BSP/vl53l0x/vl53l0x_api_calibration.o
 .ARM.attributes
                0x0000000000000247       0x34 Drivers/BSP/vl53l0x/vl53l0x_api_core.o
 .ARM.attributes
                0x000000000000027b       0x34 Drivers/BSP/vl53l0x/vl53l0x_platform_log.o
 .ARM.attributes
                0x00000000000002af       0x34 Drivers/CMSIS/system_stm32f4xx.o
 .ARM.attributes
                0x00000000000002e3       0x34 Drivers/STM32F4xx_HAL_Driver/stm32f4xx_hal.o
 .ARM.attributes
                0x0000000000000317       0x34 Drivers/STM32F4xx_HAL_Driver/stm32f4xx_hal_cortex.o
 .ARM.attributes
                0x000000000000034b       0x34 Drivers/STM32F4xx_HAL_Driver/stm32f4xx_hal_dma.o
 .ARM.attributes
                0x000000000000037f       0x34 Drivers/STM32F4xx_HAL_Driver/stm32f4xx_hal_gpio.o
 .ARM.attributes
                0x00000000000003b3       0x34 Drivers/STM32F4xx_HAL_Driver/stm32f4xx_hal_i2c.o
 .ARM.attributes
                0x00000000000003e7       0x34 Drivers/STM32F4xx_HAL_Driver/stm32f4xx_hal_rcc.o
 .ARM.attributes
                0x000000000000041b       0x34 Drivers/STM32F4xx_HAL_Driver/stm32f4xx_hal_tim.o
 .ARM.attributes
                0x000000000000044f       0x34 Drivers/STM32F4xx_HAL_Driver/stm32f4xx_hal_tim_ex.o
 .ARM.attributes
                0x0000000000000483       0x34 Drivers/STM32F4xx_HAL_Driver/stm32f4xx_hal_uart.o
 .ARM.attributes
                0x00000000000004b7       0x32 c:/st/stm32cubeide_1.5.1/stm32cubeide/plugins/com.st.stm32cube.ide.mcu.externaltools.gnu-tools-for-stm32.9-2020-q2-update.win32_1.5.0.202011040924/tools/bin/../lib/gcc/arm-none-eabi/9.3.1/../../../../arm-none-eabi/lib/thumb/v7e-m+fp/hard\libc_nano.a(lib_a-impure.o)
 .ARM.attributes
                0x00000000000004e9       0x34 c:/st/stm32cubeide_1.5.1/stm32cubeide/plugins/com.st.stm32cube.ide.mcu.externaltools.gnu-tools-for-stm32.9-2020-q2-update.win32_1.5.0.202011040924/tools/bin/../lib/gcc/arm-none-eabi/9.3.1/../../../../arm-none-eabi/lib/thumb/v7e-m+fp/hard\libc_nano.a(lib_a-init.o)
 .ARM.attributes
                0x000000000000051d       0x34 c:/st/stm32cubeide_1.5.1/stm32cubeide/plugins/com.st.stm32cube.ide.mcu.externaltools.gnu-tools-for-stm32.9-2020-q2-update.win32_1.5.0.202011040924/tools/bin/../lib/gcc/arm-none-eabi/9.3.1/../../../../arm-none-eabi/lib/thumb/v7e-m+fp/hard\libc_nano.a(lib_a-memcpy-stub.o)
 .ARM.attributes
                0x0000000000000551       0x34 c:/st/stm32cubeide_1.5.1/stm32cubeide/plugins/com.st.stm32cube.ide.mcu.externaltools.gnu-tools-for-stm32.9-2020-q2-update.win32_1.5.0.202011040924/tools/bin/../lib/gcc/arm-none-eabi/9.3.1/../../../../arm-none-eabi/lib/thumb/v7e-m+fp/hard\libc_nano.a(lib_a-memset.o)
 .ARM.attributes
                0x0000000000000585       0x34 c:/st/stm32cubeide_1.5.1/stm32cubeide/plugins/com.st.stm32cube.ide.mcu.externaltools.gnu-tools-for-stm32.9-2020-q2-update.win32_1.5.0.202011040924/tools/bin/../lib/gcc/arm-none-eabi/9.3.1/../../../../arm-none-eabi/lib/thumb/v7e-m+fp/hard\libc_nano.a(lib_a-sprintf.o)
 .ARM.attributes
                0x00000000000005b9       0x34 c:/st/stm32cubeide_1.5.1/stm32cubeide/plugins/com.st.stm32cube.ide.mcu.externaltools.gnu-tools-for-stm32.9-2020-q2-update.win32_1.5.0.202011040924/tools/bin/../lib/gcc/arm-none-eabi/9.3.1/../../../../arm-none-eabi/lib/thumb/v7e-m+fp/hard\libc_nano.a(lib_a-strcpy.o)
 .ARM.attributes
                0x00000000000005ed       0x34 c:/st/stm32cubeide_1.5.1/stm32cubeide/plugins/com.st.stm32cube.ide.mcu.externaltools.gnu-tools-for-stm32.9-2020-q2-update.win32_1.5.0.202011040924/tools/bin/../lib/gcc/arm-none-eabi/9.3.1/../../../../arm-none-eabi/lib/thumb/v7e-m+fp/hard\libc_nano.a(lib_a-vsnprintf.o)
 .ARM.attributes
                0x0000000000000621       0x34 c:/st/stm32cubeide_1.5.1/stm32cubeide/plugins/com.st.stm32cube.ide.mcu.externaltools.gnu-tools-for-stm32.9-2020-q2-update.win32_1.5.0.202011040924/tools/bin/../lib/gcc/arm-none-eabi/9.3.1/../../../../arm-none-eabi/lib/thumb/v7e-m+fp/hard\libc_nano.a(lib_a-nano-svfprintf.o)
 .ARM.attributes
                0x0000000000000655       0x34 c:/st/stm32cubeide_1.5.1/stm32cubeide/plugins/com.st.stm32cube.ide.mcu.externaltools.gnu-tools-for-stm32.9-2020-q2-update.win32_1.5.0.202011040924/tools/bin/../lib/gcc/arm-none-eabi/9.3.1/../../../../arm-none-eabi/lib/thumb/v7e-m+fp/hard\libc_nano.a(lib_a-nano-vfprintf_i.o)
 .ARM.attributes
                0x0000000000000689       0x1c c:/st/stm32cubeide_1.5.1/stm32cubeide/plugins/com.st.stm32cube.ide.mcu.externaltools.gnu-tools-for-stm32.9-2020-q2-update.win32_1.5.0.202011040924/tools/bin/../lib/gcc/arm-none-eabi/9.3.1/../../../../arm-none-eabi/lib/thumb/v7e-m+fp/hard\libc_nano.a(lib_a-memchr.o)
 .ARM.attributes
                0x00000000000006a5       0x34 c:/st/stm32cubeide_1.5.1/stm32cubeide/plugins/com.st.stm32cube.ide.mcu.externaltools.gnu-tools-for-stm32.9-2020-q2-update.win32_1.5.0.202011040924/tools/bin/../lib/gcc/arm-none-eabi/9.3.1/../../../../arm-none-eabi/lib/thumb/v7e-m+fp/hard\libc_nano.a(lib_a-memmove.o)
 .ARM.attributes
                0x00000000000006d9       0x34 c:/st/stm32cubeide_1.5.1/stm32cubeide/plugins/com.st.stm32cube.ide.mcu.externaltools.gnu-tools-for-stm32.9-2020-q2-update.win32_1.5.0.202011040924/tools/bin/../lib/gcc/arm-none-eabi/9.3.1/../../../../arm-none-eabi/lib/thumb/v7e-m+fp/hard\libc_nano.a(lib_a-nano-freer.o)
 .ARM.attributes
                0x000000000000070d       0x34 c:/st/stm32cubeide_1.5.1/stm32cubeide/plugins/com.st.stm32cube.ide.mcu.externaltools.gnu-tools-for-stm32.9-2020-q2-update.win32_1.5.0.202011040924/tools/bin/../lib/gcc/arm-none-eabi/9.3.1/../../../../arm-none-eabi/lib/thumb/v7e-m+fp/hard\libc_nano.a(lib_a-nano-mallocr.o)
 .ARM.attributes
                0x0000000000000741       0x34 c:/st/stm32cubeide_1.5.1/stm32cubeide/plugins/com.st.stm32cube.ide.mcu.externaltools.gnu-tools-for-stm32.9-2020-q2-update.win32_1.5.0.202011040924/tools/bin/../lib/gcc/arm-none-eabi/9.3.1/../../../../arm-none-eabi/lib/thumb/v7e-m+fp/hard\libc_nano.a(lib_a-nano-reallocr.o)
 .ARM.attributes
                0x0000000000000775       0x34 c:/st/stm32cubeide_1.5.1/stm32cubeide/plugins/com.st.stm32cube.ide.mcu.externaltools.gnu-tools-for-stm32.9-2020-q2-update.win32_1.5.0.202011040924/tools/bin/../lib/gcc/arm-none-eabi/9.3.1/../../../../arm-none-eabi/lib/thumb/v7e-m+fp/hard\libc_nano.a(lib_a-sbrkr.o)
 .ARM.attributes
                0x00000000000007a9       0x34 c:/st/stm32cubeide_1.5.1/stm32cubeide/plugins/com.st.stm32cube.ide.mcu.externaltools.gnu-tools-for-stm32.9-2020-q2-update.win32_1.5.0.202011040924/tools/bin/../lib/gcc/arm-none-eabi/9.3.1/../../../../arm-none-eabi/lib/thumb/v7e-m+fp/hard\libc_nano.a(lib_a-mlock.o)
 .ARM.attributes
                0x00000000000007dd       0x34 c:/st/stm32cubeide_1.5.1/stm32cubeide/plugins/com.st.stm32cube.ide.mcu.externaltools.gnu-tools-for-stm32.9-2020-q2-update.win32_1.5.0.202011040924/tools/bin/../lib/gcc/arm-none-eabi/9.3.1/../../../../arm-none-eabi/lib/thumb/v7e-m+fp/hard\libc_nano.a(lib_a-nano-msizer.o)
 .ARM.attributes
                0x0000000000000811       0x34 c:/st/stm32cubeide_1.5.1/stm32cubeide/plugins/com.st.stm32cube.ide.mcu.externaltools.gnu-tools-for-stm32.9-2020-q2-update.win32_1.5.0.202011040924/tools/bin/../lib/gcc/arm-none-eabi/9.3.1/../../../../arm-none-eabi/lib/thumb/v7e-m+fp/hard\libc_nano.a(lib_a-reent.o)
 .ARM.attributes
                0x0000000000000845       0x34 c:/st/stm32cubeide_1.5.1/stm32cubeide/plugins/com.st.stm32cube.ide.mcu.externaltools.gnu-tools-for-stm32.9-2020-q2-update.win32_1.5.0.202011040924/tools/bin/../lib/gcc/arm-none-eabi/9.3.1/../../../../arm-none-eabi/lib/thumb/v7e-m+fp/hard\libc_nano.a(lib_a-lock.o)
 .ARM.attributes
                0x0000000000000879       0x34 c:/st/stm32cubeide_1.5.1/stm32cubeide/plugins/com.st.stm32cube.ide.mcu.externaltools.gnu-tools-for-stm32.9-2020-q2-update.win32_1.5.0.202011040924/tools/bin/../lib/gcc/arm-none-eabi/9.3.1/../../../../arm-none-eabi/lib/thumb/v7e-m+fp/hard\libnosys.a(sbrk.o)
 .ARM.attributes
                0x00000000000008ad       0x1e c:/st/stm32cubeide_1.5.1/stm32cubeide/plugins/com.st.stm32cube.ide.mcu.externaltools.gnu-tools-for-stm32.9-2020-q2-update.win32_1.5.0.202011040924/tools/bin/../lib/gcc/arm-none-eabi/9.3.1/thumb/v7e-m+fp/hard/crtn.o
OUTPUT(VL53L0X_Ranging_F401.elf elf32-littlearm)
LOAD linker stubs
LOAD c:/st/stm32cubeide_1.5.1/stm32cubeide/plugins/com.st.stm32cube.ide.mcu.externaltools.gnu-tools-for-stm32.9-2020-q2-update.win32_1.5.0.202011040924/tools/bin/../lib/gcc/arm-none-eabi/9.3.1/../../../../arm-none-eabi/lib/thumb/v7e-m+fp/hard\libc.a
LOAD c:/st/stm32cubeide_1.5.1/stm32cubeide/plugins/com.st.stm32cube.ide.mcu.externaltools.gnu-tools-for-stm32.9-2020-q2-update.win32_1.5.0.202011040924/tools/bin/../lib/gcc/arm-none-eabi/9.3.1/../../../../arm-none-eabi/lib/thumb/v7e-m+fp/hard\libm.a
LOAD c:/st/stm32cubeide_1.5.1/stm32cubeide/plugins/com.st.stm32cube.ide.mcu.externaltools.gnu-tools-for-stm32.9-2020-q2-update.win32_1.5.0.202011040924/tools/bin/../lib/gcc/arm-none-eabi/9.3.1/thumb/v7e-m+fp/hard\libgcc.a

.debug_line     0x0000000000000000    0x19063
 .debug_line    0x0000000000000000       0xff Application/SW4STM32/startup_stm32f401xe.o
 .debug_line    0x00000000000000ff     0x11d2 Application/User/main.o
 .debug_line    0x00000000000012d1      0x9d0 Application/User/stm32f4xx_hal_msp.o
 .debug_line    0x0000000000001ca1      0x9b1 Application/User/stm32f4xx_it.o
 .debug_line    0x0000000000002652      0xe0e Drivers/BSP/X-NUCLEO-53L0A1/X-NUCLEO-53L0A1.o
 .debug_line    0x0000000000003460      0xa19 Drivers/BSP/X-NUCLEO-53L0A1/uart_trace.o
 .debug_line    0x0000000000003e79      0xb33 Drivers/BSP/X-NUCLEO-53L0A1/vl53l0a1-x4msp.o
 .debug_line    0x00000000000049ac      0xcc1 Drivers/BSP/X-NUCLEO-53L0A1/vl53l0x_platform.o
 .debug_line    0x000000000000566d     0x2362 Drivers/BSP/vl53l0x/vl53l0x_api.o
 .debug_line    0x00000000000079cf     0x14cd Drivers/BSP/vl53l0x/vl53l0x_api_calibration.o
 .debug_line    0x0000000000008e9c     0x1c15 Drivers/BSP/vl53l0x/vl53l0x_api_core.o
 .debug_line    0x000000000000aab1      0x6bb Drivers/BSP/vl53l0x/vl53l0x_platform_log.o
 .debug_line    0x000000000000b16c      0xa4a Drivers/CMSIS/system_stm32f4xx.o
 .debug_line    0x000000000000bbb6      0xbcf Drivers/STM32F4xx_HAL_Driver/stm32f4xx_hal.o
 .debug_line    0x000000000000c785      0xe90 Drivers/STM32F4xx_HAL_Driver/stm32f4xx_hal_cortex.o
 .debug_line    0x000000000000d615     0x11e2 Drivers/STM32F4xx_HAL_Driver/stm32f4xx_hal_dma.o
 .debug_line    0x000000000000e7f7      0xd99 Drivers/STM32F4xx_HAL_Driver/stm32f4xx_hal_gpio.o
 .debug_line    0x000000000000f590     0x3733 Drivers/STM32F4xx_HAL_Driver/stm32f4xx_hal_i2c.o
 .debug_line    0x0000000000012cc3     0x109d Drivers/STM32F4xx_HAL_Driver/stm32f4xx_hal_rcc.o
 .debug_line    0x0000000000013d60     0x2816 Drivers/STM32F4xx_HAL_Driver/stm32f4xx_hal_tim.o
 .debug_line    0x0000000000016576     0x13de Drivers/STM32F4xx_HAL_Driver/stm32f4xx_hal_tim_ex.o
 .debug_line    0x0000000000017954     0x170f Drivers/STM32F4xx_HAL_Driver/stm32f4xx_hal_uart.o

.debug_info     0x0000000000000000    0x23be6
 .debug_info    0x0000000000000000       0x22 Application/SW4STM32/startup_stm32f401xe.o
 .debug_info    0x0000000000000022     0x270b Application/User/main.o
 .debug_info    0x000000000000272d     0x1281 Application/User/stm32f4xx_hal_msp.o
 .debug_info    0x00000000000039ae      0xe5b Application/User/stm32f4xx_it.o
 .debug_info    0x0000000000004809     0x1dde Drivers/BSP/X-NUCLEO-53L0A1/X-NUCLEO-53L0A1.o
 .debug_info    0x00000000000065e7      0xf9b Drivers/BSP/X-NUCLEO-53L0A1/uart_trace.o
 .debug_info    0x0000000000007582     0x17db Drivers/BSP/X-NUCLEO-53L0A1/vl53l0a1-x4msp.o
 .debug_info    0x0000000000008d5d     0x1ac3 Drivers/BSP/X-NUCLEO-53L0A1/vl53l0x_platform.o
 .debug_info    0x000000000000a820     0x44c3 Drivers/BSP/vl53l0x/vl53l0x_api.o
 .debug_info    0x000000000000ece3     0x2547 Drivers/BSP/vl53l0x/vl53l0x_api_calibration.o
 .debug_info    0x000000000001122a     0x2bba Drivers/BSP/vl53l0x/vl53l0x_api_core.o
 .debug_info    0x0000000000013de4      0xb0c Drivers/BSP/vl53l0x/vl53l0x_platform_log.o
 .debug_info    0x00000000000148f0      0xde4 Drivers/CMSIS/system_stm32f4xx.o
 .debug_info    0x00000000000156d4     0x10c0 Drivers/STM32F4xx_HAL_Driver/stm32f4xx_hal.o
 .debug_info    0x0000000000016794     0x15b7 Drivers/STM32F4xx_HAL_Driver/stm32f4xx_hal_cortex.o
 .debug_info    0x0000000000017d4b     0x1205 Drivers/STM32F4xx_HAL_Driver/stm32f4xx_hal_dma.o
 .debug_info    0x0000000000018f50     0x105f Drivers/STM32F4xx_HAL_Driver/stm32f4xx_hal_gpio.o
 .debug_info    0x0000000000019faf     0x2aa7 Drivers/STM32F4xx_HAL_Driver/stm32f4xx_hal_i2c.o
 .debug_info    0x000000000001ca56     0x13fa Drivers/STM32F4xx_HAL_Driver/stm32f4xx_hal_rcc.o
 .debug_info    0x000000000001de50     0x2c20 Drivers/STM32F4xx_HAL_Driver/stm32f4xx_hal_tim.o
 .debug_info    0x0000000000020a70     0x18dd Drivers/STM32F4xx_HAL_Driver/stm32f4xx_hal_tim_ex.o
 .debug_info    0x000000000002234d     0x1899 Drivers/STM32F4xx_HAL_Driver/stm32f4xx_hal_uart.o

.debug_abbrev   0x0000000000000000     0x3b32
 .debug_abbrev  0x0000000000000000       0x12 Application/SW4STM32/startup_stm32f401xe.o
 .debug_abbrev  0x0000000000000012      0x391 Application/User/main.o
 .debug_abbrev  0x00000000000003a3      0x234 Application/User/stm32f4xx_hal_msp.o
 .debug_abbrev  0x00000000000005d7      0x1c6 Application/User/stm32f4xx_it.o
 .debug_abbrev  0x000000000000079d      0x36b Drivers/BSP/X-NUCLEO-53L0A1/X-NUCLEO-53L0A1.o
 .debug_abbrev  0x0000000000000b08      0x26d Drivers/BSP/X-NUCLEO-53L0A1/uart_trace.o
 .debug_abbrev  0x0000000000000d75      0x2d1 Drivers/BSP/X-NUCLEO-53L0A1/vl53l0a1-x4msp.o
 .debug_abbrev  0x0000000000001046      0x27b Drivers/BSP/X-NUCLEO-53L0A1/vl53l0x_platform.o
 .debug_abbrev  0x00000000000012c1      0x2ed Drivers/BSP/vl53l0x/vl53l0x_api.o
 .debug_abbrev  0x00000000000015ae      0x302 Drivers/BSP/vl53l0x/vl53l0x_api_calibration.o
 .debug_abbrev  0x00000000000018b0      0x31e Drivers/BSP/vl53l0x/vl53l0x_api_core.o
 .debug_abbrev  0x0000000000001bce      0x245 Drivers/BSP/vl53l0x/vl53l0x_platform_log.o
 .debug_abbrev  0x0000000000001e13      0x20a Drivers/CMSIS/system_stm32f4xx.o
 .debug_abbrev  0x000000000000201d      0x300 Drivers/STM32F4xx_HAL_Driver/stm32f4xx_hal.o
 .debug_abbrev  0x000000000000231d      0x3c4 Drivers/STM32F4xx_HAL_Driver/stm32f4xx_hal_cortex.o
 .debug_abbrev  0x00000000000026e1      0x2b6 Drivers/STM32F4xx_HAL_Driver/stm32f4xx_hal_dma.o
 .debug_abbrev  0x0000000000002997      0x285 Drivers/STM32F4xx_HAL_Driver/stm32f4xx_hal_gpio.o
 .debug_abbrev  0x0000000000002c1c      0x2de Drivers/STM32F4xx_HAL_Driver/stm32f4xx_hal_i2c.o
 .debug_abbrev  0x0000000000002efa      0x383 Drivers/STM32F4xx_HAL_Driver/stm32f4xx_hal_rcc.o
 .debug_abbrev  0x000000000000327d      0x2ee Drivers/STM32F4xx_HAL_Driver/stm32f4xx_hal_tim.o
 .debug_abbrev  0x000000000000356b      0x2c9 Drivers/STM32F4xx_HAL_Driver/stm32f4xx_hal_tim_ex.o
 .debug_abbrev  0x0000000000003834      0x2fe Drivers/STM32F4xx_HAL_Driver/stm32f4xx_hal_uart.o

.debug_aranges  0x0000000000000000     0x1388
 .debug_aranges
                0x0000000000000000       0x28 Application/SW4STM32/startup_stm32f401xe.o
 .debug_aranges
                0x0000000000000028       0x98 Application/User/main.o
 .debug_aranges
                0x00000000000000c0       0x28 Application/User/stm32f4xx_hal_msp.o
 .debug_aranges
                0x00000000000000e8       0x20 Application/User/stm32f4xx_it.o
 .debug_aranges
                0x0000000000000108       0x80 Drivers/BSP/X-NUCLEO-53L0A1/X-NUCLEO-53L0A1.o
 .debug_aranges
                0x0000000000000188       0x30 Drivers/BSP/X-NUCLEO-53L0A1/uart_trace.o
 .debug_aranges
                0x00000000000001b8       0x78 Drivers/BSP/X-NUCLEO-53L0A1/vl53l0a1-x4msp.o
 .debug_aranges
                0x0000000000000230       0x78 Drivers/BSP/X-NUCLEO-53L0A1/vl53l0x_platform.o
 .debug_aranges
                0x00000000000002a8      0x330 Drivers/BSP/vl53l0x/vl53l0x_api.o
 .debug_aranges
                0x00000000000005d8       0xd0 Drivers/BSP/vl53l0x/vl53l0x_api_calibration.o
 .debug_aranges
                0x00000000000006a8       0xe0 Drivers/BSP/vl53l0x/vl53l0x_api_core.o
 .debug_aranges
                0x0000000000000788       0x28 Drivers/BSP/vl53l0x/vl53l0x_platform_log.o
 .debug_aranges
                0x00000000000007b0       0x28 Drivers/CMSIS/system_stm32f4xx.o
 .debug_aranges
                0x00000000000007d8       0xc0 Drivers/STM32F4xx_HAL_Driver/stm32f4xx_hal.o
 .debug_aranges
                0x0000000000000898      0x108 Drivers/STM32F4xx_HAL_Driver/stm32f4xx_hal_cortex.o
 .debug_aranges
                0x00000000000009a0       0x90 Drivers/STM32F4xx_HAL_Driver/stm32f4xx_hal_dma.o
 .debug_aranges
                0x0000000000000a30       0x58 Drivers/STM32F4xx_HAL_Driver/stm32f4xx_hal_gpio.o
 .debug_aranges
                0x0000000000000a88      0x268 Drivers/STM32F4xx_HAL_Driver/stm32f4xx_hal_i2c.o
 .debug_aranges
                0x0000000000000cf0       0x88 Drivers/STM32F4xx_HAL_Driver/stm32f4xx_hal_rcc.o
 .debug_aranges
                0x0000000000000d78      0x368 Drivers/STM32F4xx_HAL_Driver/stm32f4xx_hal_tim.o
 .debug_aranges
                0x00000000000010e0      0x140 Drivers/STM32F4xx_HAL_Driver/stm32f4xx_hal_tim_ex.o
 .debug_aranges
                0x0000000000001220      0x168 Drivers/STM32F4xx_HAL_Driver/stm32f4xx_hal_uart.o

.debug_str      0x0000000000000000    0x6556d
 .debug_str     0x0000000000000000      0x15b Application/SW4STM32/startup_stm32f401xe.o
 .debug_str     0x000000000000015b    0x5e650 Application/User/main.o
                                      0x5ed2d (size before relaxing)
 .debug_str     0x000000000005e7ab      0x433 Application/User/stm32f4xx_hal_msp.o
                                      0x598c4 (size before relaxing)
 .debug_str     0x000000000005ebde       0xbf Application/User/stm32f4xx_it.o
                                      0x59420 (size before relaxing)
 .debug_str     0x000000000005ec9d      0x3ba Drivers/BSP/X-NUCLEO-53L0A1/X-NUCLEO-53L0A1.o
                                      0x5a426 (size before relaxing)
 .debug_str     0x000000000005f057       0xc4 Drivers/BSP/X-NUCLEO-53L0A1/uart_trace.o
                                      0x59586 (size before relaxing)
 .debug_str     0x000000000005f11b      0x188 Drivers/BSP/X-NUCLEO-53L0A1/vl53l0a1-x4msp.o
                                      0x5a135 (size before relaxing)
 .debug_str     0x000000000005f2a3      0x20c Drivers/BSP/X-NUCLEO-53L0A1/vl53l0x_platform.o
                                      0x5d955 (size before relaxing)
 .debug_str     0x000000000005f4af     0x1728 Drivers/BSP/vl53l0x/vl53l0x_api.o
                                      0x5f127 (size before relaxing)
 .debug_str     0x0000000000060bd7      0x7fe Drivers/BSP/vl53l0x/vl53l0x_api_calibration.o
                                      0x5e38a (size before relaxing)
 .debug_str     0x00000000000613d5      0xdb3 Drivers/BSP/vl53l0x/vl53l0x_api_core.o
                                      0x5e9f5 (size before relaxing)
 .debug_str     0x0000000000062188       0xfb Drivers/BSP/vl53l0x/vl53l0x_platform_log.o
                                       0xb00a (size before relaxing)
 .debug_str     0x0000000000062283      0x13f Drivers/CMSIS/system_stm32f4xx.o
                                      0x5919c (size before relaxing)
 .debug_str     0x00000000000623c2      0x509 Drivers/STM32F4xx_HAL_Driver/stm32f4xx_hal.o
                                      0x599c3 (size before relaxing)
 .debug_str     0x00000000000628cb      0x37e Drivers/STM32F4xx_HAL_Driver/stm32f4xx_hal_cortex.o
                                      0x59865 (size before relaxing)
 .debug_str     0x0000000000062c49      0x371 Drivers/STM32F4xx_HAL_Driver/stm32f4xx_hal_dma.o
                                      0x59572 (size before relaxing)
 .debug_str     0x0000000000062fba      0x272 Drivers/STM32F4xx_HAL_Driver/stm32f4xx_hal_gpio.o
                                      0x59403 (size before relaxing)
 .debug_str     0x000000000006322c      0xac2 Drivers/STM32F4xx_HAL_Driver/stm32f4xx_hal_i2c.o
                                      0x59f6c (size before relaxing)
 .debug_str     0x0000000000063cee      0x2b8 Drivers/STM32F4xx_HAL_Driver/stm32f4xx_hal_rcc.o
                                      0x5956a (size before relaxing)
 .debug_str     0x0000000000063fa6      0xcb6 Drivers/STM32F4xx_HAL_Driver/stm32f4xx_hal_tim.o
                                      0x5a132 (size before relaxing)
 .debug_str     0x0000000000064c5c      0x529 Drivers/STM32F4xx_HAL_Driver/stm32f4xx_hal_tim_ex.o
                                      0x599e5 (size before relaxing)
 .debug_str     0x0000000000065185      0x3e8 Drivers/STM32F4xx_HAL_Driver/stm32f4xx_hal_uart.o
                                      0x5981d (size before relaxing)

.debug_ranges   0x0000000000000000     0x1230
 .debug_ranges  0x0000000000000000       0x20 Application/SW4STM32/startup_stm32f401xe.o
 .debug_ranges  0x0000000000000020       0x88 Application/User/main.o
 .debug_ranges  0x00000000000000a8       0x18 Application/User/stm32f4xx_hal_msp.o
 .debug_ranges  0x00000000000000c0       0x10 Application/User/stm32f4xx_it.o
 .debug_ranges  0x00000000000000d0       0x70 Drivers/BSP/X-NUCLEO-53L0A1/X-NUCLEO-53L0A1.o
 .debug_ranges  0x0000000000000140       0x20 Drivers/BSP/X-NUCLEO-53L0A1/uart_trace.o
 .debug_ranges  0x0000000000000160       0x68 Drivers/BSP/X-NUCLEO-53L0A1/vl53l0a1-x4msp.o
 .debug_ranges  0x00000000000001c8       0x68 Drivers/BSP/X-NUCLEO-53L0A1/vl53l0x_platform.o
 .debug_ranges  0x0000000000000230      0x320 Drivers/BSP/vl53l0x/vl53l0x_api.o
 .debug_ranges  0x0000000000000550       0xc0 Drivers/BSP/vl53l0x/vl53l0x_api_calibration.o
 .debug_ranges  0x0000000000000610       0xd0 Drivers/BSP/vl53l0x/vl53l0x_api_core.o
 .debug_ranges  0x00000000000006e0       0x18 Drivers/BSP/vl53l0x/vl53l0x_platform_log.o
 .debug_ranges  0x00000000000006f8       0x18 Drivers/CMSIS/system_stm32f4xx.o
 .debug_ranges  0x0000000000000710       0xb0 Drivers/STM32F4xx_HAL_Driver/stm32f4xx_hal.o
 .debug_ranges  0x00000000000007c0       0xf8 Drivers/STM32F4xx_HAL_Driver/stm32f4xx_hal_cortex.o
 .debug_ranges  0x00000000000008b8       0x80 Drivers/STM32F4xx_HAL_Driver/stm32f4xx_hal_dma.o
 .debug_ranges  0x0000000000000938       0x48 Drivers/STM32F4xx_HAL_Driver/stm32f4xx_hal_gpio.o
 .debug_ranges  0x0000000000000980      0x258 Drivers/STM32F4xx_HAL_Driver/stm32f4xx_hal_i2c.o
 .debug_ranges  0x0000000000000bd8       0x78 Drivers/STM32F4xx_HAL_Driver/stm32f4xx_hal_rcc.o
 .debug_ranges  0x0000000000000c50      0x358 Drivers/STM32F4xx_HAL_Driver/stm32f4xx_hal_tim.o
 .debug_ranges  0x0000000000000fa8      0x130 Drivers/STM32F4xx_HAL_Driver/stm32f4xx_hal_tim_ex.o
 .debug_ranges  0x00000000000010d8      0x158 Drivers/STM32F4xx_HAL_Driver/stm32f4xx_hal_uart.o
