18:39:09 **** Build of configuration Debug for project VL53L0X_Ranging_F401 ****
make -j12 all 
arm-none-eabi-gcc "C:/Users/Loungelab/Desktop/MCU_Test/X-CUBE-53L0A1/STM32CubeExpansion_VL53L0X_V1.2.0/Drivers/STM32F4xx_HAL_Driver/Src/stm32f4xx_hal.c" -mcpu=cortex-m4 -std=gnu11 -g3 '-D__weak=__attribute__((weak))' '-D__packed="__attribute__((__packed__))"' -DUSE_HAL_DRIVER -DSTM32F401xE '-DXNUCLEO53L0A1_TRACE=1' '-DTRACE_UART=1' '-DVL53L0A1_HAVE_UART=1' -DVL53L0X_LOG_ENABLE -c -I../../../Inc -I./../../../../../../../../Drivers/STM32F4xx_HAL_Driver/Inc -I./../../../../../../../../Drivers/STM32F4xx_HAL_Driver/Inc/Legacy -I./../../../../../../../../Drivers/CMSIS/Include -I./../../../../../../../../Drivers/CMSIS/Device/ST/STM32F4xx/Include -I"C:/Users/Loungelab/Desktop/MCU_Test/X-CUBE-53L0A1/STM32CubeExpansion_VL53L0X_V1.2.0/Drivers/BSP/X-NUCLEO-53L0A1" -I../../../../../../../../Drivers/BSP/Components/vl53l0x -O0 -ffunction-sections -Wall -fstack-usage -MMD -MP -MF"Drivers/STM32F4xx_HAL_Driver/stm32f4xx_hal.d" -MT"Drivers/STM32F4xx_HAL_Driver/stm32f4xx_hal.o" --specs=nano.specs -mfpu=fpv4-sp-d16 -mfloat-abi=hard -mthumb -o "Drivers/STM32F4xx_HAL_Driver/stm32f4xx_hal.o"
arm-none-eabi-gcc "C:/Users/Loungelab/Desktop/MCU_Test/X-CUBE-53L0A1/STM32CubeExpansion_VL53L0X_V1.2.0/Drivers/STM32F4xx_HAL_Driver/Src/stm32f4xx_hal_cortex.c" -mcpu=cortex-m4 -std=gnu11 -g3 '-D__weak=__attribute__((weak))' '-D__packed="__attribute__((__packed__))"' -DUSE_HAL_DRIVER -DSTM32F401xE '-DXNUCLEO53L0A1_TRACE=1' '-DTRACE_UART=1' '-DVL53L0A1_HAVE_UART=1' -DVL53L0X_LOG_ENABLE -c -I../../../Inc -I./../../../../../../../../Drivers/STM32F4xx_HAL_Driver/Inc -I./../../../../../../../../Drivers/STM32F4xx_HAL_Driver/Inc/Legacy -I./../../../../../../../../Drivers/CMSIS/Include -I./../../../../../../../../Drivers/CMSIS/Device/ST/STM32F4xx/Include -I"C:/Users/Loungelab/Desktop/MCU_Test/X-CUBE-53L0A1/STM32CubeExpansion_VL53L0X_V1.2.0/Drivers/BSP/X-NUCLEO-53L0A1" -I../../../../../../../../Drivers/BSP/Components/vl53l0x -O0 -ffunction-sections -Wall -fstack-usage -MMD -MP -MF"Drivers/STM32F4xx_HAL_Driver/stm32f4xx_hal_cortex.d" -MT"Drivers/STM32F4xx_HAL_Driver/stm32f4xx_hal_cortex.o" --specs=nano.specs -mfpu=fpv4-sp-d16 -mfloat-abi=hard -mthumb -o "Drivers/STM32F4xx_HAL_Driver/stm32f4xx_hal_cortex.o"
arm-none-eabi-gcc "C:/Users/Loungelab/Desktop/MCU_Test/X-CUBE-53L0A1/STM32CubeExpansion_VL53L0X_V1.2.0/Drivers/STM32F4xx_HAL_Driver/Src/stm32f4xx_hal_dma.c" -mcpu=cortex-m4 -std=gnu11 -g3 '-D__weak=__attribute__((weak))' '-D__packed="__attribute__((__packed__))"' -DUSE_HAL_DRIVER -DSTM32F401xE '-DXNUCLEO53L0A1_TRACE=1' '-DTRACE_UART=1' '-DVL53L0A1_HAVE_UART=1' -DVL53L0X_LOG_ENABLE -c -I../../../Inc -I./../../../../../../../../Drivers/STM32F4xx_HAL_Driver/Inc -I./../../../../../../../../Drivers/STM32F4xx_HAL_Driver/Inc/Legacy -I./../../../../../../../../Drivers/CMSIS/Include -I./../../../../../../../../Drivers/CMSIS/Device/ST/STM32F4xx/Include -I"C:/Users/Loungelab/Desktop/MCU_Test/X-CUBE-53L0A1/STM32CubeExpansion_VL53L0X_V1.2.0/Drivers/BSP/X-NUCLEO-53L0A1" -I../../../../../../../../Drivers/BSP/Components/vl53l0x -O0 -ffunction-sections -Wall -fstack-usage -MMD -MP -MF"Drivers/STM32F4xx_HAL_Driver/stm32f4xx_hal_dma.d" -MT"Drivers/STM32F4xx_HAL_Driver/stm32f4xx_hal_dma.o" --specs=nano.specs -mfpu=fpv4-sp-d16 -mfloat-abi=hard -mthumb -o "Drivers/STM32F4xx_HAL_Driver/stm32f4xx_hal_dma.o"
arm-none-eabi-gcc "C:/Users/Loungelab/Desktop/MCU_Test/X-CUBE-53L0A1/STM32CubeExpansion_VL53L0X_V1.2.0/Drivers/STM32F4xx_HAL_Driver/Src/stm32f4xx_hal_dma_ex.c" -mcpu=cortex-m4 -std=gnu11 -g3 '-D__weak=__attribute__((weak))' '-D__packed="__attribute__((__packed__))"' -DUSE_HAL_DRIVER -DSTM32F401xE '-DXNUCLEO53L0A1_TRACE=1' '-DTRACE_UART=1' '-DVL53L0A1_HAVE_UART=1' -DVL53L0X_LOG_ENABLE -c -I../../../Inc -I./../../../../../../../../Drivers/STM32F4xx_HAL_Driver/Inc -I./../../../../../../../../Drivers/STM32F4xx_HAL_Driver/Inc/Legacy -I./../../../../../../../../Drivers/CMSIS/Include -I./../../../../../../../../Drivers/CMSIS/Device/ST/STM32F4xx/Include -I"C:/Users/Loungelab/Desktop/MCU_Test/X-CUBE-53L0A1/STM32CubeExpansion_VL53L0X_V1.2.0/Drivers/BSP/X-NUCLEO-53L0A1" -I../../../../../../../../Drivers/BSP/Components/vl53l0x -O0 -ffunction-sections -Wall -fstack-usage -MMD -MP -MF"Drivers/STM32F4xx_HAL_Driver/stm32f4xx_hal_dma_ex.d" -MT"Drivers/STM32F4xx_HAL_Driver/stm32f4xx_hal_dma_ex.o" --specs=nano.specs -mfpu=fpv4-sp-d16 -mfloat-abi=hard -mthumb -o "Drivers/STM32F4xx_HAL_Driver/stm32f4xx_hal_dma_ex.o"
arm-none-eabi-gcc "C:/Users/Loungelab/Desktop/MCU_Test/X-CUBE-53L0A1/STM32CubeExpansion_VL53L0X_V1.2.0/Drivers/STM32F4xx_HAL_Driver/Src/stm32f4xx_hal_flash.c" -mcpu=cortex-m4 -std=gnu11 -g3 '-D__weak=__attribute__((weak))' '-D__packed="__attribute__((__packed__))"' -DUSE_HAL_DRIVER -DSTM32F401xE '-DXNUCLEO53L0A1_TRACE=1' '-DTRACE_UART=1' '-DVL53L0A1_HAVE_UART=1' -DVL53L0X_LOG_ENABLE -c -I../../../Inc -I./../../../../../../../../Drivers/STM32F4xx_HAL_Driver/Inc -I./../../../../../../../../Drivers/STM32F4xx_HAL_Driver/Inc/Legacy -I./../../../../../../../../Drivers/CMSIS/Include -I./../../../../../../../../Drivers/CMSIS/Device/ST/STM32F4xx/Include -I"C:/Users/Loungelab/Desktop/MCU_Test/X-CUBE-53L0A1/STM32CubeExpansion_VL53L0X_V1.2.0/Drivers/BSP/X-NUCLEO-53L0A1" -I../../../../../../../../Drivers/BSP/Components/vl53l0x -O0 -ffunction-sections -Wall -fstack-usage -MMD -MP -MF"Drivers/STM32F4xx_HAL_Driver/stm32f4xx_hal_flash.d" -MT"Drivers/STM32F4xx_HAL_Driver/stm32f4xx_hal_flash.o" --specs=nano.specs -mfpu=fpv4-sp-d16 -mfloat-abi=hard -mthumb -o "Drivers/STM32F4xx_HAL_Driver/stm32f4xx_hal_flash.o"
arm-none-eabi-gcc "C:/Users/Loungelab/Desktop/MCU_Test/X-CUBE-53L0A1/STM32CubeExpansion_VL53L0X_V1.2.0/Drivers/STM32F4xx_HAL_Driver/Src/stm32f4xx_hal_flash_ex.c" -mcpu=cortex-m4 -std=gnu11 -g3 '-D__weak=__attribute__((weak))' '-D__packed="__attribute__((__packed__))"' -DUSE_HAL_DRIVER -DSTM32F401xE '-DXNUCLEO53L0A1_TRACE=1' '-DTRACE_UART=1' '-DVL53L0A1_HAVE_UART=1' -DVL53L0X_LOG_ENABLE -c -I../../../Inc -I./../../../../../../../../Drivers/STM32F4xx_HAL_Driver/Inc -I./../../../../../../../../Drivers/STM32F4xx_HAL_Driver/Inc/Legacy -I./../../../../../../../../Drivers/CMSIS/Include -I./../../../../../../../../Drivers/CMSIS/Device/ST/STM32F4xx/Include -I"C:/Users/Loungelab/Desktop/MCU_Test/X-CUBE-53L0A1/STM32CubeExpansion_VL53L0X_V1.2.0/Drivers/BSP/X-NUCLEO-53L0A1" -I../../../../../../../../Drivers/BSP/Components/vl53l0x -O0 -ffunction-sections -Wall -fstack-usage -MMD -MP -MF"Drivers/STM32F4xx_HAL_Driver/stm32f4xx_hal_flash_ex.d" -MT"Drivers/STM32F4xx_HAL_Driver/stm32f4xx_hal_flash_ex.o" --specs=nano.specs -mfpu=fpv4-sp-d16 -mfloat-abi=hard -mthumb -o "Drivers/STM32F4xx_HAL_Driver/stm32f4xx_hal_flash_ex.o"
arm-none-eabi-gcc "C:/Users/Loungelab/Desktop/MCU_Test/X-CUBE-53L0A1/STM32CubeExpansion_VL53L0X_V1.2.0/Drivers/STM32F4xx_HAL_Driver/Src/stm32f4xx_hal_flash_ramfunc.c" -mcpu=cortex-m4 -std=gnu11 -g3 '-D__weak=__attribute__((weak))' '-D__packed="__attribute__((__packed__))"' -DUSE_HAL_DRIVER -DSTM32F401xE '-DXNUCLEO53L0A1_TRACE=1' '-DTRACE_UART=1' '-DVL53L0A1_HAVE_UART=1' -DVL53L0X_LOG_ENABLE -c -I../../../Inc -I./../../../../../../../../Drivers/STM32F4xx_HAL_Driver/Inc -I./../../../../../../../../Drivers/STM32F4xx_HAL_Driver/Inc/Legacy -I./../../../../../../../../Drivers/CMSIS/Include -I./../../../../../../../../Drivers/CMSIS/Device/ST/STM32F4xx/Include -I"C:/Users/Loungelab/Desktop/MCU_Test/X-CUBE-53L0A1/STM32CubeExpansion_VL53L0X_V1.2.0/Drivers/BSP/X-NUCLEO-53L0A1" -I../../../../../../../../Drivers/BSP/Components/vl53l0x -O0 -ffunction-sections -Wall -fstack-usage -MMD -MP -MF"Drivers/STM32F4xx_HAL_Driver/stm32f4xx_hal_flash_ramfunc.d" -MT"Drivers/STM32F4xx_HAL_Driver/stm32f4xx_hal_flash_ramfunc.o" --specs=nano.specs -mfpu=fpv4-sp-d16 -mfloat-abi=hard -mthumb -o "Drivers/STM32F4xx_HAL_Driver/stm32f4xx_hal_flash_ramfunc.o"
arm-none-eabi-gcc "C:/Users/Loungelab/Desktop/MCU_Test/X-CUBE-53L0A1/STM32CubeExpansion_VL53L0X_V1.2.0/Drivers/STM32F4xx_HAL_Driver/Src/stm32f4xx_hal_gpio.c" -mcpu=cortex-m4 -std=gnu11 -g3 '-D__weak=__attribute__((weak))' '-D__packed="__attribute__((__packed__))"' -DUSE_HAL_DRIVER -DSTM32F401xE '-DXNUCLEO53L0A1_TRACE=1' '-DTRACE_UART=1' '-DVL53L0A1_HAVE_UART=1' -DVL53L0X_LOG_ENABLE -c -I../../../Inc -I./../../../../../../../../Drivers/STM32F4xx_HAL_Driver/Inc -I./../../../../../../../../Drivers/STM32F4xx_HAL_Driver/Inc/Legacy -I./../../../../../../../../Drivers/CMSIS/Include -I./../../../../../../../../Drivers/CMSIS/Device/ST/STM32F4xx/Include -I"C:/Users/Loungelab/Desktop/MCU_Test/X-CUBE-53L0A1/STM32CubeExpansion_VL53L0X_V1.2.0/Drivers/BSP/X-NUCLEO-53L0A1" -I../../../../../../../../Drivers/BSP/Components/vl53l0x -O0 -ffunction-sections -Wall -fstack-usage -MMD -MP -MF"Drivers/STM32F4xx_HAL_Driver/stm32f4xx_hal_gpio.d" -MT"Drivers/STM32F4xx_HAL_Driver/stm32f4xx_hal_gpio.o" --specs=nano.specs -mfpu=fpv4-sp-d16 -mfloat-abi=hard -mthumb -o "Drivers/STM32F4xx_HAL_Driver/stm32f4xx_hal_gpio.o"
arm-none-eabi-gcc "C:/Users/Loungelab/Desktop/MCU_Test/X-CUBE-53L0A1/STM32CubeExpansion_VL53L0X_V1.2.0/Drivers/STM32F4xx_HAL_Driver/Src/stm32f4xx_hal_i2c.c" -mcpu=cortex-m4 -std=gnu11 -g3 '-D__weak=__attribute__((weak))' '-D__packed="__attribute__((__packed__))"' -DUSE_HAL_DRIVER -DSTM32F401xE '-DXNUCLEO53L0A1_TRACE=1' '-DTRACE_UART=1' '-DVL53L0A1_HAVE_UART=1' -DVL53L0X_LOG_ENABLE -c -I../../../Inc -I./../../../../../../../../Drivers/STM32F4xx_HAL_Driver/Inc -I./../../../../../../../../Drivers/STM32F4xx_HAL_Driver/Inc/Legacy -I./../../../../../../../../Drivers/CMSIS/Include -I./../../../../../../../../Drivers/CMSIS/Device/ST/STM32F4xx/Include -I"C:/Users/Loungelab/Desktop/MCU_Test/X-CUBE-53L0A1/STM32CubeExpansion_VL53L0X_V1.2.0/Drivers/BSP/X-NUCLEO-53L0A1" -I../../../../../../../../Drivers/BSP/Components/vl53l0x -O0 -ffunction-sections -Wall -fstack-usage -MMD -MP -MF"Drivers/STM32F4xx_HAL_Driver/stm32f4xx_hal_i2c.d" -MT"Drivers/STM32F4xx_HAL_Driver/stm32f4xx_hal_i2c.o" --specs=nano.specs -mfpu=fpv4-sp-d16 -mfloat-abi=hard -mthumb -o "Drivers/STM32F4xx_HAL_Driver/stm32f4xx_hal_i2c.o"
arm-none-eabi-gcc "C:/Users/Loungelab/Desktop/MCU_Test/X-CUBE-53L0A1/STM32CubeExpansion_VL53L0X_V1.2.0/Drivers/STM32F4xx_HAL_Driver/Src/stm32f4xx_hal_pwr.c" -mcpu=cortex-m4 -std=gnu11 -g3 '-D__weak=__attribute__((weak))' '-D__packed="__attribute__((__packed__))"' -DUSE_HAL_DRIVER -DSTM32F401xE '-DXNUCLEO53L0A1_TRACE=1' '-DTRACE_UART=1' '-DVL53L0A1_HAVE_UART=1' -DVL53L0X_LOG_ENABLE -c -I../../../Inc -I./../../../../../../../../Drivers/STM32F4xx_HAL_Driver/Inc -I./../../../../../../../../Drivers/STM32F4xx_HAL_Driver/Inc/Legacy -I./../../../../../../../../Drivers/CMSIS/Include -I./../../../../../../../../Drivers/CMSIS/Device/ST/STM32F4xx/Include -I"C:/Users/Loungelab/Desktop/MCU_Test/X-CUBE-53L0A1/STM32CubeExpansion_VL53L0X_V1.2.0/Drivers/BSP/X-NUCLEO-53L0A1" -I../../../../../../../../Drivers/BSP/Components/vl53l0x -O0 -ffunction-sections -Wall -fstack-usage -MMD -MP -MF"Drivers/STM32F4xx_HAL_Driver/stm32f4xx_hal_pwr.d" -MT"Drivers/STM32F4xx_HAL_Driver/stm32f4xx_hal_pwr.o" --specs=nano.specs -mfpu=fpv4-sp-d16 -mfloat-abi=hard -mthumb -o "Drivers/STM32F4xx_HAL_Driver/stm32f4xx_hal_pwr.o"
arm-none-eabi-gcc "C:/Users/Loungelab/Desktop/MCU_Test/X-CUBE-53L0A1/STM32CubeExpansion_VL53L0X_V1.2.0/Drivers/STM32F4xx_HAL_Driver/Src/stm32f4xx_hal_pwr_ex.c" -mcpu=cortex-m4 -std=gnu11 -g3 '-D__weak=__attribute__((weak))' '-D__packed="__attribute__((__packed__))"' -DUSE_HAL_DRIVER -DSTM32F401xE '-DXNUCLEO53L0A1_TRACE=1' '-DTRACE_UART=1' '-DVL53L0A1_HAVE_UART=1' -DVL53L0X_LOG_ENABLE -c -I../../../Inc -I./../../../../../../../../Drivers/STM32F4xx_HAL_Driver/Inc -I./../../../../../../../../Drivers/STM32F4xx_HAL_Driver/Inc/Legacy -I./../../../../../../../../Drivers/CMSIS/Include -I./../../../../../../../../Drivers/CMSIS/Device/ST/STM32F4xx/Include -I"C:/Users/Loungelab/Desktop/MCU_Test/X-CUBE-53L0A1/STM32CubeExpansion_VL53L0X_V1.2.0/Drivers/BSP/X-NUCLEO-53L0A1" -I../../../../../../../../Drivers/BSP/Components/vl53l0x -O0 -ffunction-sections -Wall -fstack-usage -MMD -MP -MF"Drivers/STM32F4xx_HAL_Driver/stm32f4xx_hal_pwr_ex.d" -MT"Drivers/STM32F4xx_HAL_Driver/stm32f4xx_hal_pwr_ex.o" --specs=nano.specs -mfpu=fpv4-sp-d16 -mfloat-abi=hard -mthumb -o "Drivers/STM32F4xx_HAL_Driver/stm32f4xx_hal_pwr_ex.o"
arm-none-eabi-gcc "C:/Users/Loungelab/Desktop/MCU_Test/X-CUBE-53L0A1/STM32CubeExpansion_VL53L0X_V1.2.0/Drivers/STM32F4xx_HAL_Driver/Src/stm32f4xx_hal_rcc.c" -mcpu=cortex-m4 -std=gnu11 -g3 '-D__weak=__attribute__((weak))' '-D__packed="__attribute__((__packed__))"' -DUSE_HAL_DRIVER -DSTM32F401xE '-DXNUCLEO53L0A1_TRACE=1' '-DTRACE_UART=1' '-DVL53L0A1_HAVE_UART=1' -DVL53L0X_LOG_ENABLE -c -I../../../Inc -I./../../../../../../../../Drivers/STM32F4xx_HAL_Driver/Inc -I./../../../../../../../../Drivers/STM32F4xx_HAL_Driver/Inc/Legacy -I./../../../../../../../../Drivers/CMSIS/Include -I./../../../../../../../../Drivers/CMSIS/Device/ST/STM32F4xx/Include -I"C:/Users/Loungelab/Desktop/MCU_Test/X-CUBE-53L0A1/STM32CubeExpansion_VL53L0X_V1.2.0/Drivers/BSP/X-NUCLEO-53L0A1" -I../../../../../../../../Drivers/BSP/Components/vl53l0x -O0 -ffunction-sections -Wall -fstack-usage -MMD -MP -MF"Drivers/STM32F4xx_HAL_Driver/stm32f4xx_hal_rcc.d" -MT"Drivers/STM32F4xx_HAL_Driver/stm32f4xx_hal_rcc.o" --specs=nano.specs -mfpu=fpv4-sp-d16 -mfloat-abi=hard -mthumb -o "Drivers/STM32F4xx_HAL_Driver/stm32f4xx_hal_rcc.o"
arm-none-eabi-gcc "C:/Users/Loungelab/Desktop/MCU_Test/X-CUBE-53L0A1/STM32CubeExpansion_VL53L0X_V1.2.0/Drivers/STM32F4xx_HAL_Driver/Src/stm32f4xx_hal_rcc_ex.c" -mcpu=cortex-m4 -std=gnu11 -g3 '-D__weak=__attribute__((weak))' '-D__packed="__attribute__((__packed__))"' -DUSE_HAL_DRIVER -DSTM32F401xE '-DXNUCLEO53L0A1_TRACE=1' '-DTRACE_UART=1' '-DVL53L0A1_HAVE_UART=1' -DVL53L0X_LOG_ENABLE -c -I../../../Inc -I./../../../../../../../../Drivers/STM32F4xx_HAL_Driver/Inc -I./../../../../../../../../Drivers/STM32F4xx_HAL_Driver/Inc/Legacy -I./../../../../../../../../Drivers/CMSIS/Include -I./../../../../../../../../Drivers/CMSIS/Device/ST/STM32F4xx/Include -I"C:/Users/Loungelab/Desktop/MCU_Test/X-CUBE-53L0A1/STM32CubeExpansion_VL53L0X_V1.2.0/Drivers/BSP/X-NUCLEO-53L0A1" -I../../../../../../../../Drivers/BSP/Components/vl53l0x -O0 -ffunction-sections -Wall -fstack-usage -MMD -MP -MF"Drivers/STM32F4xx_HAL_Driver/stm32f4xx_hal_rcc_ex.d" -MT"Drivers/STM32F4xx_HAL_Driver/stm32f4xx_hal_rcc_ex.o" --specs=nano.specs -mfpu=fpv4-sp-d16 -mfloat-abi=hard -mthumb -o "Drivers/STM32F4xx_HAL_Driver/stm32f4xx_hal_rcc_ex.o"
arm-none-eabi-gcc "C:/Users/Loungelab/Desktop/MCU_Test/X-CUBE-53L0A1/STM32CubeExpansion_VL53L0X_V1.2.0/Drivers/STM32F4xx_HAL_Driver/Src/stm32f4xx_hal_tim.c" -mcpu=cortex-m4 -std=gnu11 -g3 '-D__weak=__attribute__((weak))' '-D__packed="__attribute__((__packed__))"' -DUSE_HAL_DRIVER -DSTM32F401xE '-DXNUCLEO53L0A1_TRACE=1' '-DTRACE_UART=1' '-DVL53L0A1_HAVE_UART=1' -DVL53L0X_LOG_ENABLE -c -I../../../Inc -I./../../../../../../../../Drivers/STM32F4xx_HAL_Driver/Inc -I./../../../../../../../../Drivers/STM32F4xx_HAL_Driver/Inc/Legacy -I./../../../../../../../../Drivers/CMSIS/Include -I./../../../../../../../../Drivers/CMSIS/Device/ST/STM32F4xx/Include -I"C:/Users/Loungelab/Desktop/MCU_Test/X-CUBE-53L0A1/STM32CubeExpansion_VL53L0X_V1.2.0/Drivers/BSP/X-NUCLEO-53L0A1" -I../../../../../../../../Drivers/BSP/Components/vl53l0x -O0 -ffunction-sections -Wall -fstack-usage -MMD -MP -MF"Drivers/STM32F4xx_HAL_Driver/stm32f4xx_hal_tim.d" -MT"Drivers/STM32F4xx_HAL_Driver/stm32f4xx_hal_tim.o" --specs=nano.specs -mfpu=fpv4-sp-d16 -mfloat-abi=hard -mthumb -o "Drivers/STM32F4xx_HAL_Driver/stm32f4xx_hal_tim.o"
arm-none-eabi-gcc "C:/Users/Loungelab/Desktop/MCU_Test/X-CUBE-53L0A1/STM32CubeExpansion_VL53L0X_V1.2.0/Drivers/STM32F4xx_HAL_Driver/Src/stm32f4xx_hal_tim_ex.c" -mcpu=cortex-m4 -std=gnu11 -g3 '-D__weak=__attribute__((weak))' '-D__packed="__attribute__((__packed__))"' -DUSE_HAL_DRIVER -DSTM32F401xE '-DXNUCLEO53L0A1_TRACE=1' '-DTRACE_UART=1' '-DVL53L0A1_HAVE_UART=1' -DVL53L0X_LOG_ENABLE -c -I../../../Inc -I./../../../../../../../../Drivers/STM32F4xx_HAL_Driver/Inc -I./../../../../../../../../Drivers/STM32F4xx_HAL_Driver/Inc/Legacy -I./../../../../../../../../Drivers/CMSIS/Include -I./../../../../../../../../Drivers/CMSIS/Device/ST/STM32F4xx/Include -I"C:/Users/Loungelab/Desktop/MCU_Test/X-CUBE-53L0A1/STM32CubeExpansion_VL53L0X_V1.2.0/Drivers/BSP/X-NUCLEO-53L0A1" -I../../../../../../../../Drivers/BSP/Components/vl53l0x -O0 -ffunction-sections -Wall -fstack-usage -MMD -MP -MF"Drivers/STM32F4xx_HAL_Driver/stm32f4xx_hal_tim_ex.d" -MT"Drivers/STM32F4xx_HAL_Driver/stm32f4xx_hal_tim_ex.o" --specs=nano.specs -mfpu=fpv4-sp-d16 -mfloat-abi=hard -mthumb -o "Drivers/STM32F4xx_HAL_Driver/stm32f4xx_hal_tim_ex.o"
arm-none-eabi-gcc "C:/Users/Loungelab/Desktop/MCU_Test/X-CUBE-53L0A1/STM32CubeExpansion_VL53L0X_V1.2.0/Drivers/STM32F4xx_HAL_Driver/Src/stm32f4xx_hal_uart.c" -mcpu=cortex-m4 -std=gnu11 -g3 '-D__weak=__attribute__((weak))' '-D__packed="__attribute__((__packed__))"' -DUSE_HAL_DRIVER -DSTM32F401xE '-DXNUCLEO53L0A1_TRACE=1' '-DTRACE_UART=1' '-DVL53L0A1_HAVE_UART=1' -DVL53L0X_LOG_ENABLE -c -I../../../Inc -I./../../../../../../../../Drivers/STM32F4xx_HAL_Driver/Inc -I./../../../../../../../../Drivers/STM32F4xx_HAL_Driver/Inc/Legacy -I./../../../../../../../../Drivers/CMSIS/Include -I./../../../../../../../../Drivers/CMSIS/Device/ST/STM32F4xx/Include -I"C:/Users/Loungelab/Desktop/MCU_Test/X-CUBE-53L0A1/STM32CubeExpansion_VL53L0X_V1.2.0/Drivers/BSP/X-NUCLEO-53L0A1" -I../../../../../../../../Drivers/BSP/Components/vl53l0x -O0 -ffunction-sections -Wall -fstack-usage -MMD -MP -MF"Drivers/STM32F4xx_HAL_Driver/stm32f4xx_hal_uart.d" -MT"Drivers/STM32F4xx_HAL_Driver/stm32f4xx_hal_uart.o" --specs=nano.specs -mfpu=fpv4-sp-d16 -mfloat-abi=hard -mthumb -o "Drivers/STM32F4xx_HAL_Driver/stm32f4xx_hal_uart.o"
arm-none-eabi-gcc "C:/Users/Loungelab/Desktop/MCU_Test/X-CUBE-53L0A1/STM32CubeExpansion_VL53L0X_V1.2.0/Drivers/CMSIS/Device/ST/STM32F4xx/Source/Templates/system_stm32f4xx.c" -mcpu=cortex-m4 -std=gnu11 -g3 '-D__weak=__attribute__((weak))' '-D__packed="__attribute__((__packed__))"' -DUSE_HAL_DRIVER -DSTM32F401xE '-DXNUCLEO53L0A1_TRACE=1' '-DTRACE_UART=1' '-DVL53L0A1_HAVE_UART=1' -DVL53L0X_LOG_ENABLE -c -I../../../Inc -I./../../../../../../../../Drivers/STM32F4xx_HAL_Driver/Inc -I./../../../../../../../../Drivers/STM32F4xx_HAL_Driver/Inc/Legacy -I./../../../../../../../../Drivers/CMSIS/Include -I./../../../../../../../../Drivers/CMSIS/Device/ST/STM32F4xx/Include -I"C:/Users/Loungelab/Desktop/MCU_Test/X-CUBE-53L0A1/STM32CubeExpansion_VL53L0X_V1.2.0/Drivers/BSP/X-NUCLEO-53L0A1" -I../../../../../../../../Drivers/BSP/Components/vl53l0x -O0 -ffunction-sections -Wall -fstack-usage -MMD -MP -MF"Drivers/CMSIS/system_stm32f4xx.d" -MT"Drivers/CMSIS/system_stm32f4xx.o" --specs=nano.specs -mfpu=fpv4-sp-d16 -mfloat-abi=hard -mthumb -o "Drivers/CMSIS/system_stm32f4xx.o"
arm-none-eabi-gcc "C:/Users/Loungelab/Desktop/MCU_Test/X-CUBE-53L0A1/STM32CubeExpansion_VL53L0X_V1.2.0/Drivers/BSP/Components/vl53l0x/vl53l0x_api.c" -mcpu=cortex-m4 -std=gnu11 -g3 '-D__weak=__attribute__((weak))' '-D__packed="__attribute__((__packed__))"' -DUSE_HAL_DRIVER -DSTM32F401xE '-DXNUCLEO53L0A1_TRACE=1' '-DTRACE_UART=1' '-DVL53L0A1_HAVE_UART=1' -DVL53L0X_LOG_ENABLE -c -I../../../Inc -I./../../../../../../../../Drivers/STM32F4xx_HAL_Driver/Inc -I./../../../../../../../../Drivers/STM32F4xx_HAL_Driver/Inc/Legacy -I./../../../../../../../../Drivers/CMSIS/Include -I./../../../../../../../../Drivers/CMSIS/Device/ST/STM32F4xx/Include -I"C:/Users/Loungelab/Desktop/MCU_Test/X-CUBE-53L0A1/STM32CubeExpansion_VL53L0X_V1.2.0/Drivers/BSP/X-NUCLEO-53L0A1" -I../../../../../../../../Drivers/BSP/Components/vl53l0x -O0 -ffunction-sections -Wall -fstack-usage -MMD -MP -MF"Drivers/BSP/vl53l0x/vl53l0x_api.d" -MT"Drivers/BSP/vl53l0x/vl53l0x_api.o" --specs=nano.specs -mfpu=fpv4-sp-d16 -mfloat-abi=hard -mthumb -o "Drivers/BSP/vl53l0x/vl53l0x_api.o"
arm-none-eabi-gcc "C:/Users/Loungelab/Desktop/MCU_Test/X-CUBE-53L0A1/STM32CubeExpansion_VL53L0X_V1.2.0/Drivers/BSP/Components/vl53l0x/vl53l0x_api_calibration.c" -mcpu=cortex-m4 -std=gnu11 -g3 '-D__weak=__attribute__((weak))' '-D__packed="__attribute__((__packed__))"' -DUSE_HAL_DRIVER -DSTM32F401xE '-DXNUCLEO53L0A1_TRACE=1' '-DTRACE_UART=1' '-DVL53L0A1_HAVE_UART=1' -DVL53L0X_LOG_ENABLE -c -I../../../Inc -I./../../../../../../../../Drivers/STM32F4xx_HAL_Driver/Inc -I./../../../../../../../../Drivers/STM32F4xx_HAL_Driver/Inc/Legacy -I./../../../../../../../../Drivers/CMSIS/Include -I./../../../../../../../../Drivers/CMSIS/Device/ST/STM32F4xx/Include -I"C:/Users/Loungelab/Desktop/MCU_Test/X-CUBE-53L0A1/STM32CubeExpansion_VL53L0X_V1.2.0/Drivers/BSP/X-NUCLEO-53L0A1" -I../../../../../../../../Drivers/BSP/Components/vl53l0x -O0 -ffunction-sections -Wall -fstack-usage -MMD -MP -MF"Drivers/BSP/vl53l0x/vl53l0x_api_calibration.d" -MT"Drivers/BSP/vl53l0x/vl53l0x_api_calibration.o" --specs=nano.specs -mfpu=fpv4-sp-d16 -mfloat-abi=hard -mthumb -o "Drivers/BSP/vl53l0x/vl53l0x_api_calibration.o"
arm-none-eabi-gcc "C:/Users/Loungelab/Desktop/MCU_Test/X-CUBE-53L0A1/STM32CubeExpansion_VL53L0X_V1.2.0/Drivers/BSP/Components/vl53l0x/vl53l0x_api_core.c" -mcpu=cortex-m4 -std=gnu11 -g3 '-D__weak=__attribute__((weak))' '-D__packed="__attribute__((__packed__))"' -DUSE_HAL_DRIVER -DSTM32F401xE '-DXNUCLEO53L0A1_TRACE=1' '-DTRACE_UART=1' '-DVL53L0A1_HAVE_UART=1' -DVL53L0X_LOG_ENABLE -c -I../../../Inc -I./../../../../../../../../Drivers/STM32F4xx_HAL_Driver/Inc -I./../../../../../../../../Drivers/STM32F4xx_HAL_Driver/Inc/Legacy -I./../../../../../../../../Drivers/CMSIS/Include -I./../../../../../../../../Drivers/CMSIS/Device/ST/STM32F4xx/Include -I"C:/Users/Loungelab/Desktop/MCU_Test/X-CUBE-53L0A1/STM32CubeExpansion_VL53L0X_V1.2.0/Drivers/BSP/X-NUCLEO-53L0A1" -I../../../../../../../../Drivers/BSP/Components/vl53l0x -O0 -ffunction-sections -Wall -fstack-usage -MMD -MP -MF"Drivers/BSP/vl53l0x/vl53l0x_api_core.d" -MT"Drivers/BSP/vl53l0x/vl53l0x_api_core.o" --specs=nano.specs -mfpu=fpv4-sp-d16 -mfloat-abi=hard -mthumb -o "Drivers/BSP/vl53l0x/vl53l0x_api_core.o"
arm-none-eabi-gcc "C:/Users/Loungelab/Desktop/MCU_Test/X-CUBE-53L0A1/STM32CubeExpansion_VL53L0X_V1.2.0/Drivers/BSP/Components/vl53l0x/vl53l0x_api_ranging.c" -mcpu=cortex-m4 -std=gnu11 -g3 '-D__weak=__attribute__((weak))' '-D__packed="__attribute__((__packed__))"' -DUSE_HAL_DRIVER -DSTM32F401xE '-DXNUCLEO53L0A1_TRACE=1' '-DTRACE_UART=1' '-DVL53L0A1_HAVE_UART=1' -DVL53L0X_LOG_ENABLE -c -I../../../Inc -I./../../../../../../../../Drivers/STM32F4xx_HAL_Driver/Inc -I./../../../../../../../../Drivers/STM32F4xx_HAL_Driver/Inc/Legacy -I./../../../../../../../../Drivers/CMSIS/Include -I./../../../../../../../../Drivers/CMSIS/Device/ST/STM32F4xx/Include -I"C:/Users/Loungelab/Desktop/MCU_Test/X-CUBE-53L0A1/STM32CubeExpansion_VL53L0X_V1.2.0/Drivers/BSP/X-NUCLEO-53L0A1" -I../../../../../../../../Drivers/BSP/Components/vl53l0x -O0 -ffunction-sections -Wall -fstack-usage -MMD -MP -MF"Drivers/BSP/vl53l0x/vl53l0x_api_ranging.d" -MT"Drivers/BSP/vl53l0x/vl53l0x_api_ranging.o" --specs=nano.specs -mfpu=fpv4-sp-d16 -mfloat-abi=hard -mthumb -o "Drivers/BSP/vl53l0x/vl53l0x_api_ranging.o"
arm-none-eabi-gcc "C:/Users/Loungelab/Desktop/MCU_Test/X-CUBE-53L0A1/STM32CubeExpansion_VL53L0X_V1.2.0/Drivers/BSP/Components/vl53l0x/vl53l0x_api_strings.c" -mcpu=cortex-m4 -std=gnu11 -g3 '-D__weak=__attribute__((weak))' '-D__packed="__attribute__((__packed__))"' -DUSE_HAL_DRIVER -DSTM32F401xE '-DXNUCLEO53L0A1_TRACE=1' '-DTRACE_UART=1' '-DVL53L0A1_HAVE_UART=1' -DVL53L0X_LOG_ENABLE -c -I../../../Inc -I./../../../../../../../../Drivers/STM32F4xx_HAL_Driver/Inc -I./../../../../../../../../Drivers/STM32F4xx_HAL_Driver/Inc/Legacy -I./../../../../../../../../Drivers/CMSIS/Include -I./../../../../../../../../Drivers/CMSIS/Device/ST/STM32F4xx/Include -I"C:/Users/Loungelab/Desktop/MCU_Test/X-CUBE-53L0A1/STM32CubeExpansion_VL53L0X_V1.2.0/Drivers/BSP/X-NUCLEO-53L0A1" -I../../../../../../../../Drivers/BSP/Components/vl53l0x -O0 -ffunction-sections -Wall -fstack-usage -MMD -MP -MF"Drivers/BSP/vl53l0x/vl53l0x_api_strings.d" -MT"Drivers/BSP/vl53l0x/vl53l0x_api_strings.o" --specs=nano.specs -mfpu=fpv4-sp-d16 -mfloat-abi=hard -mthumb -o "Drivers/BSP/vl53l0x/vl53l0x_api_strings.o"
arm-none-eabi-gcc "C:/Users/Loungelab/Desktop/MCU_Test/X-CUBE-53L0A1/STM32CubeExpansion_VL53L0X_V1.2.0/Drivers/BSP/Components/vl53l0x/vl53l0x_platform_log.c" -mcpu=cortex-m4 -std=gnu11 -g3 '-D__weak=__attribute__((weak))' '-D__packed="__attribute__((__packed__))"' -DUSE_HAL_DRIVER -DSTM32F401xE '-DXNUCLEO53L0A1_TRACE=1' '-DTRACE_UART=1' '-DVL53L0A1_HAVE_UART=1' -DVL53L0X_LOG_ENABLE -c -I../../../Inc -I./../../../../../../../../Drivers/STM32F4xx_HAL_Driver/Inc -I./../../../../../../../../Drivers/STM32F4xx_HAL_Driver/Inc/Legacy -I./../../../../../../../../Drivers/CMSIS/Include -I./../../../../../../../../Drivers/CMSIS/Device/ST/STM32F4xx/Include -I"C:/Users/Loungelab/Desktop/MCU_Test/X-CUBE-53L0A1/STM32CubeExpansion_VL53L0X_V1.2.0/Drivers/BSP/X-NUCLEO-53L0A1" -I../../../../../../../../Drivers/BSP/Components/vl53l0x -O0 -ffunction-sections -Wall -fstack-usage -MMD -MP -MF"Drivers/BSP/vl53l0x/vl53l0x_platform_log.d" -MT"Drivers/BSP/vl53l0x/vl53l0x_platform_log.o" --specs=nano.specs -mfpu=fpv4-sp-d16 -mfloat-abi=hard -mthumb -o "Drivers/BSP/vl53l0x/vl53l0x_platform_log.o"
arm-none-eabi-gcc "C:/Users/Loungelab/Desktop/MCU_Test/X-CUBE-53L0A1/STM32CubeExpansion_VL53L0X_V1.2.0/Drivers/BSP/X-NUCLEO-53L0A1/X-NUCLEO-53L0A1.c" -mcpu=cortex-m4 -std=gnu11 -g3 '-D__weak=__attribute__((weak))' '-D__packed="__attribute__((__packed__))"' -DUSE_HAL_DRIVER -DSTM32F401xE '-DXNUCLEO53L0A1_TRACE=1' '-DTRACE_UART=1' '-DVL53L0A1_HAVE_UART=1' -DVL53L0X_LOG_ENABLE -c -I../../../Inc -I./../../../../../../../../Drivers/STM32F4xx_HAL_Driver/Inc -I./../../../../../../../../Drivers/STM32F4xx_HAL_Driver/Inc/Legacy -I./../../../../../../../../Drivers/CMSIS/Include -I./../../../../../../../../Drivers/CMSIS/Device/ST/STM32F4xx/Include -I"C:/Users/Loungelab/Desktop/MCU_Test/X-CUBE-53L0A1/STM32CubeExpansion_VL53L0X_V1.2.0/Drivers/BSP/X-NUCLEO-53L0A1" -I../../../../../../../../Drivers/BSP/Components/vl53l0x -O0 -ffunction-sections -Wall -fstack-usage -MMD -MP -MF"Drivers/BSP/X-NUCLEO-53L0A1/X-NUCLEO-53L0A1.d" -MT"Drivers/BSP/X-NUCLEO-53L0A1/X-NUCLEO-53L0A1.o" --specs=nano.specs -mfpu=fpv4-sp-d16 -mfloat-abi=hard -mthumb -o "Drivers/BSP/X-NUCLEO-53L0A1/X-NUCLEO-53L0A1.o"
arm-none-eabi-gcc "C:/Users/Loungelab/Desktop/MCU_Test/X-CUBE-53L0A1/STM32CubeExpansion_VL53L0X_V1.2.0/Drivers/BSP/X-NUCLEO-53L0A1/uart_trace.c" -mcpu=cortex-m4 -std=gnu11 -g3 '-D__weak=__attribute__((weak))' '-D__packed="__attribute__((__packed__))"' -DUSE_HAL_DRIVER -DSTM32F401xE '-DXNUCLEO53L0A1_TRACE=1' '-DTRACE_UART=1' '-DVL53L0A1_HAVE_UART=1' -DVL53L0X_LOG_ENABLE -c -I../../../Inc -I./../../../../../../../../Drivers/STM32F4xx_HAL_Driver/Inc -I./../../../../../../../../Drivers/STM32F4xx_HAL_Driver/Inc/Legacy -I./../../../../../../../../Drivers/CMSIS/Include -I./../../../../../../../../Drivers/CMSIS/Device/ST/STM32F4xx/Include -I"C:/Users/Loungelab/Desktop/MCU_Test/X-CUBE-53L0A1/STM32CubeExpansion_VL53L0X_V1.2.0/Drivers/BSP/X-NUCLEO-53L0A1" -I../../../../../../../../Drivers/BSP/Components/vl53l0x -O0 -ffunction-sections -Wall -fstack-usage -MMD -MP -MF"Drivers/BSP/X-NUCLEO-53L0A1/uart_trace.d" -MT"Drivers/BSP/X-NUCLEO-53L0A1/uart_trace.o" --specs=nano.specs -mfpu=fpv4-sp-d16 -mfloat-abi=hard -mthumb -o "Drivers/BSP/X-NUCLEO-53L0A1/uart_trace.o"
arm-none-eabi-gcc "C:/Users/Loungelab/Desktop/MCU_Test/X-CUBE-53L0A1/STM32CubeExpansion_VL53L0X_V1.2.0/Drivers/BSP/X-NUCLEO-53L0A1/vl53l0a1-x4msp.c" -mcpu=cortex-m4 -std=gnu11 -g3 '-D__weak=__attribute__((weak))' '-D__packed="__attribute__((__packed__))"' -DUSE_HAL_DRIVER -DSTM32F401xE '-DXNUCLEO53L0A1_TRACE=1' '-DTRACE_UART=1' '-DVL53L0A1_HAVE_UART=1' -DVL53L0X_LOG_ENABLE -c -I../../../Inc -I./../../../../../../../../Drivers/STM32F4xx_HAL_Driver/Inc -I./../../../../../../../../Drivers/STM32F4xx_HAL_Driver/Inc/Legacy -I./../../../../../../../../Drivers/CMSIS/Include -I./../../../../../../../../Drivers/CMSIS/Device/ST/STM32F4xx/Include -I"C:/Users/Loungelab/Desktop/MCU_Test/X-CUBE-53L0A1/STM32CubeExpansion_VL53L0X_V1.2.0/Drivers/BSP/X-NUCLEO-53L0A1" -I../../../../../../../../Drivers/BSP/Components/vl53l0x -O0 -ffunction-sections -Wall -fstack-usage -MMD -MP -MF"Drivers/BSP/X-NUCLEO-53L0A1/vl53l0a1-x4msp.d" -MT"Drivers/BSP/X-NUCLEO-53L0A1/vl53l0a1-x4msp.o" --specs=nano.specs -mfpu=fpv4-sp-d16 -mfloat-abi=hard -mthumb -o "Drivers/BSP/X-NUCLEO-53L0A1/vl53l0a1-x4msp.o"
arm-none-eabi-gcc "C:/Users/Loungelab/Desktop/MCU_Test/X-CUBE-53L0A1/STM32CubeExpansion_VL53L0X_V1.2.0/Drivers/BSP/X-NUCLEO-53L0A1/vl53l0x_platform.c" -mcpu=cortex-m4 -std=gnu11 -g3 '-D__weak=__attribute__((weak))' '-D__packed="__attribute__((__packed__))"' -DUSE_HAL_DRIVER -DSTM32F401xE '-DXNUCLEO53L0A1_TRACE=1' '-DTRACE_UART=1' '-DVL53L0A1_HAVE_UART=1' -DVL53L0X_LOG_ENABLE -c -I../../../Inc -I./../../../../../../../../Drivers/STM32F4xx_HAL_Driver/Inc -I./../../../../../../../../Drivers/STM32F4xx_HAL_Driver/Inc/Legacy -I./../../../../../../../../Drivers/CMSIS/Include -I./../../../../../../../../Drivers/CMSIS/Device/ST/STM32F4xx/Include -I"C:/Users/Loungelab/Desktop/MCU_Test/X-CUBE-53L0A1/STM32CubeExpansion_VL53L0X_V1.2.0/Drivers/BSP/X-NUCLEO-53L0A1" -I../../../../../../../../Drivers/BSP/Components/vl53l0x -O0 -ffunction-sections -Wall -fstack-usage -MMD -MP -MF"Drivers/BSP/X-NUCLEO-53L0A1/vl53l0x_platform.d" -MT"Drivers/BSP/X-NUCLEO-53L0A1/vl53l0x_platform.o" --specs=nano.specs -mfpu=fpv4-sp-d16 -mfloat-abi=hard -mthumb -o "Drivers/BSP/X-NUCLEO-53L0A1/vl53l0x_platform.o"
arm-none-eabi-gcc "C:/Users/Loungelab/Desktop/MCU_Test/X-CUBE-53L0A1/STM32CubeExpansion_VL53L0X_V1.2.0/Projects/Multi/Examples/VL53L0X/RangingWithSatellites/Src/main.c" -mcpu=cortex-m4 -std=gnu11 -g3 '-D__weak=__attribute__((weak))' '-D__packed="__attribute__((__packed__))"' -DUSE_HAL_DRIVER -DSTM32F401xE '-DXNUCLEO53L0A1_TRACE=1' '-DTRACE_UART=1' '-DVL53L0A1_HAVE_UART=1' -DVL53L0X_LOG_ENABLE -c -I../../../Inc -I./../../../../../../../../Drivers/STM32F4xx_HAL_Driver/Inc -I./../../../../../../../../Drivers/STM32F4xx_HAL_Driver/Inc/Legacy -I./../../../../../../../../Drivers/CMSIS/Include -I./../../../../../../../../Drivers/CMSIS/Device/ST/STM32F4xx/Include -I"C:/Users/Loungelab/Desktop/MCU_Test/X-CUBE-53L0A1/STM32CubeExpansion_VL53L0X_V1.2.0/Drivers/BSP/X-NUCLEO-53L0A1" -I../../../../../../../../Drivers/BSP/Components/vl53l0x -O0 -ffunction-sections -Wall -fstack-usage -MMD -MP -MF"Application/User/main.d" -MT"Application/User/main.o" --specs=nano.specs -mfpu=fpv4-sp-d16 -mfloat-abi=hard -mthumb -o "Application/User/main.o"
arm-none-eabi-gcc "C:/Users/Loungelab/Desktop/MCU_Test/X-CUBE-53L0A1/STM32CubeExpansion_VL53L0X_V1.2.0/Projects/Multi/Examples/VL53L0X/RangingWithSatellites/Src/stm32f4xx_hal_msp.c" -mcpu=cortex-m4 -std=gnu11 -g3 '-D__weak=__attribute__((weak))' '-D__packed="__attribute__((__packed__))"' -DUSE_HAL_DRIVER -DSTM32F401xE '-DXNUCLEO53L0A1_TRACE=1' '-DTRACE_UART=1' '-DVL53L0A1_HAVE_UART=1' -DVL53L0X_LOG_ENABLE -c -I../../../Inc -I./../../../../../../../../Drivers/STM32F4xx_HAL_Driver/Inc -I./../../../../../../../../Drivers/STM32F4xx_HAL_Driver/Inc/Legacy -I./../../../../../../../../Drivers/CMSIS/Include -I./../../../../../../../../Drivers/CMSIS/Device/ST/STM32F4xx/Include -I"C:/Users/Loungelab/Desktop/MCU_Test/X-CUBE-53L0A1/STM32CubeExpansion_VL53L0X_V1.2.0/Drivers/BSP/X-NUCLEO-53L0A1" -I../../../../../../../../Drivers/BSP/Components/vl53l0x -O0 -ffunction-sections -Wall -fstack-usage -MMD -MP -MF"Application/User/stm32f4xx_hal_msp.d" -MT"Application/User/stm32f4xx_hal_msp.o" --specs=nano.specs -mfpu=fpv4-sp-d16 -mfloat-abi=hard -mthumb -o "Application/User/stm32f4xx_hal_msp.o"
arm-none-eabi-gcc "C:/Users/Loungelab/Desktop/MCU_Test/X-CUBE-53L0A1/STM32CubeExpansion_VL53L0X_V1.2.0/Projects/Multi/Examples/VL53L0X/RangingWithSatellites/Src/stm32f4xx_it.c" -mcpu=cortex-m4 -std=gnu11 -g3 '-D__weak=__attribute__((weak))' '-D__packed="__attribute__((__packed__))"' -DUSE_HAL_DRIVER -DSTM32F401xE '-DXNUCLEO53L0A1_TRACE=1' '-DTRACE_UART=1' '-DVL53L0A1_HAVE_UART=1' -DVL53L0X_LOG_ENABLE -c -I../../../Inc -I./../../../../../../../../Drivers/STM32F4xx_HAL_Driver/Inc -I./../../../../../../../../Drivers/STM32F4xx_HAL_Driver/Inc/Legacy -I./../../../../../../../../Drivers/CMSIS/Include -I./../../../../../../../../Drivers/CMSIS/Device/ST/STM32F4xx/Include -I"C:/Users/Loungelab/Desktop/MCU_Test/X-CUBE-53L0A1/STM32CubeExpansion_VL53L0X_V1.2.0/Drivers/BSP/X-NUCLEO-53L0A1" -I../../../../../../../../Drivers/BSP/Components/vl53l0x -O0 -ffunction-sections -Wall -fstack-usage -MMD -MP -MF"Application/User/stm32f4xx_it.d" -MT"Application/User/stm32f4xx_it.o" --specs=nano.specs -mfpu=fpv4-sp-d16 -mfloat-abi=hard -mthumb -o "Application/User/stm32f4xx_it.o"
arm-none-eabi-gcc -mcpu=cortex-m4 -g3 -c -x assembler-with-cpp -MMD -MP -MF"Application/SW4STM32/startup_stm32f401xe.d" -MT"Application/SW4STM32/startup_stm32f401xe.o" --specs=nano.specs -mfpu=fpv4-sp-d16 -mfloat-abi=hard -mthumb -o "Application/SW4STM32/startup_stm32f401xe.o" "C:/Users/Loungelab/Desktop/MCU_Test/X-CUBE-53L0A1/STM32CubeExpansion_VL53L0X_V1.2.0/Drivers/CMSIS/Device/ST/STM32F4xx/Source/Templates/gcc/startup_stm32f401xe.s"
arm-none-eabi-gcc -o "VL53L0X_Ranging_F401.elf" @"objects.list"   -mcpu=cortex-m4 -T"../STM32F401RETx_FLASH.ld" --specs=nosys.specs -Wl,-Map="VL53L0X_Ranging_F401.map" -Wl,--gc-sections -static --specs=nano.specs -mfpu=fpv4-sp-d16 -mfloat-abi=hard -mthumb -Wl,--start-group -lc -lm -Wl,--end-group
Finished building target: VL53L0X_Ranging_F401.elf
 
arm-none-eabi-size   VL53L0X_Ranging_F401.elf 
arm-none-eabi-objdump -h -S  VL53L0X_Ranging_F401.elf  > "VL53L0X_Ranging_F401.list"
arm-none-eabi-objcopy  -O binary  VL53L0X_Ranging_F401.elf  "VL53L0X_Ranging_F401.bin"
   text	   data	    bss	    dec	    hex	filename
  52108	   2108	   2276	  56492	   dcac	VL53L0X_Ranging_F401.elf
Finished building: default.size.stdout
 
Finished building: VL53L0X_Ranging_F401.bin
 
Finished building: VL53L0X_Ranging_F401.list
 

18:39:13 Build Finished. 0 errors, 0 warnings. (took 4s.259ms)

